JSP000307.jsp_000307_statement : @Exists.{1} Nat fun (n : Nat) =>
  And
    (@GT.gt.{0} Nat instLTNat (JSP000307.largestPrimeFactor n)
      (JSP000307.largestPrimeFactor
        (@HAdd.hAdd.{0, 0, 0} Nat Nat Nat (@instHAdd.{0} Nat instAddNat) n
          (@OfNat.ofNat.{0} Nat (nat_lit 1) (instOfNatNat (nat_lit 1))))))
    (@GT.gt.{0} Nat instLTNat
      (JSP000307.largestPrimeFactor
        (@HAdd.hAdd.{0, 0, 0} Nat Nat Nat (@instHAdd.{0} Nat instAddNat) n
          (@OfNat.ofNat.{0} Nat (nat_lit 1) (instOfNatNat (nat_lit 1)))))
      (JSP000307.largestPrimeFactor
        (@HAdd.hAdd.{0, 0, 0} Nat Nat Nat (@instHAdd.{0} Nat instAddNat) n
          (@OfNat.ofNat.{0} Nat (nat_lit 2) (instOfNatNat (nat_lit 2))))))
theorem JSP000307.jsp_000307_statement : @Exists.{1} Nat fun (n : Nat) =>
  And
    (@GT.gt.{0} Nat instLTNat (JSP000307.largestPrimeFactor n)
      (JSP000307.largestPrimeFactor
        (@HAdd.hAdd.{0, 0, 0} Nat Nat Nat (@instHAdd.{0} Nat instAddNat) n
          (@OfNat.ofNat.{0} Nat (nat_lit 1) (instOfNatNat (nat_lit 1))))))
    (@GT.gt.{0} Nat instLTNat
      (JSP000307.largestPrimeFactor
        (@HAdd.hAdd.{0, 0, 0} Nat Nat Nat (@instHAdd.{0} Nat instAddNat) n
          (@OfNat.ofNat.{0} Nat (nat_lit 1) (instOfNatNat (nat_lit 1)))))
      (JSP000307.largestPrimeFactor
        (@HAdd.hAdd.{0, 0, 0} Nat Nat Nat (@instHAdd.{0} Nat instAddNat) n
          (@OfNat.ofNat.{0} Nat (nat_lit 2) (instOfNatNat (nat_lit 2)))))) :=
@Exists.intro.{1} Nat
  (fun (n : Nat) =>
    And
      (@GT.gt.{0} Nat instLTNat (JSP000307.largestPrimeFactor n)
        (JSP000307.largestPrimeFactor
          (@HAdd.hAdd.{0, 0, 0} Nat Nat Nat (@instHAdd.{0} Nat instAddNat) n
            (@OfNat.ofNat.{0} Nat (nat_lit 1) (instOfNatNat (nat_lit 1))))))
      (@GT.gt.{0} Nat instLTNat
        (JSP000307.largestPrimeFactor
          (@HAdd.hAdd.{0, 0, 0} Nat Nat Nat (@instHAdd.{0} Nat instAddNat) n
            (@OfNat.ofNat.{0} Nat (nat_lit 1) (instOfNatNat (nat_lit 1)))))
        (JSP000307.largestPrimeFactor
          (@HAdd.hAdd.{0, 0, 0} Nat Nat Nat (@instHAdd.{0} Nat instAddNat) n
            (@OfNat.ofNat.{0} Nat (nat_lit 2) (instOfNatNat (nat_lit 2)))))))
  (@OfNat.ofNat.{0} Nat (nat_lit 13) (instOfNatNat (nat_lit 13)))
  (@id.{0}
    (And
      (@GT.gt.{0} Nat instLTNat
        (JSP000307.largestPrimeFactor (@OfNat.ofNat.{0} Nat (nat_lit 13) (instOfNatNat (nat_lit 13))))
        (JSP000307.largestPrimeFactor
          (@HAdd.hAdd.{0, 0, 0} Nat Nat Nat (@instHAdd.{0} Nat instAddNat)
            (@OfNat.ofNat.{0} Nat (nat_lit 13) (instOfNatNat (nat_lit 13)))
            (@OfNat.ofNat.{0} Nat (nat_lit 1) (instOfNatNat (nat_lit 1))))))
      (@GT.gt.{0} Nat instLTNat
        (JSP000307.largestPrimeFactor
          (@HAdd.hAdd.{0, 0, 0} Nat Nat Nat (@instHAdd.{0} Nat instAddNat)
            (@OfNat.ofNat.{0} Nat (nat_lit 13) (instOfNatNat (nat_lit 13)))
            (@OfNat.ofNat.{0} Nat (nat_lit 1) (instOfNatNat (nat_lit 1)))))
        (JSP000307.largestPrimeFactor
          (@HAdd.hAdd.{0, 0, 0} Nat Nat Nat (@instHAdd.{0} Nat instAddNat)
            (@OfNat.ofNat.{0} Nat (nat_lit 13) (instOfNatNat (nat_lit 13)))
            (@OfNat.ofNat.{0} Nat (nat_lit 2) (instOfNatNat (nat_lit 2)))))))
    (@of_decide_eq_true
      (And
        (@GT.gt.{0} Nat instLTNat (Nat.maxPrimeFac (@OfNat.ofNat.{0} Nat (nat_lit 13) (instOfNatNat (nat_lit 13))))
          (Nat.maxPrimeFac
            (@HAdd.hAdd.{0, 0, 0} Nat Nat Nat (@instHAdd.{0} Nat instAddNat)
              (@OfNat.ofNat.{0} Nat (nat_lit 13) (instOfNatNat (nat_lit 13)))
              (@OfNat.ofNat.{0} Nat (nat_lit 1) (instOfNatNat (nat_lit 1))))))
        (@GT.gt.{0} Nat instLTNat
          (Nat.maxPrimeFac
            (@HAdd.hAdd.{0, 0, 0} Nat Nat Nat (@instHAdd.{0} Nat instAddNat)
              (@OfNat.ofNat.{0} Nat (nat_lit 13) (instOfNatNat (nat_lit 13)))
              (@OfNat.ofNat.{0} Nat (nat_lit 1) (instOfNatNat (nat_lit 1)))))
          (Nat.maxPrimeFac
            (@HAdd.hAdd.{0, 0, 0} Nat Nat Nat (@instHAdd.{0} Nat instAddNat)
              (@OfNat.ofNat.{0} Nat (nat_lit 13) (instOfNatNat (nat_lit 13)))
              (@OfNat.ofNat.{0} Nat (nat_lit 2) (instOfNatNat (nat_lit 2)))))))
      (@instDecidableAnd
        (@GT.gt.{0} Nat instLTNat (Nat.maxPrimeFac (@OfNat.ofNat.{0} Nat (nat_lit 13) (instOfNatNat (nat_lit 13))))
          (Nat.maxPrimeFac
            (@HAdd.hAdd.{0, 0, 0} Nat Nat Nat (@instHAdd.{0} Nat instAddNat)
              (@OfNat.ofNat.{0} Nat (nat_lit 13) (instOfNatNat (nat_lit 13)))
              (@OfNat.ofNat.{0} Nat (nat_lit 1) (instOfNatNat (nat_lit 1))))))
        (@GT.gt.{0} Nat instLTNat
          (Nat.maxPrimeFac
            (@HAdd.hAdd.{0, 0, 0} Nat Nat Nat (@instHAdd.{0} Nat instAddNat)
              (@OfNat.ofNat.{0} Nat (nat_lit 13) (instOfNatNat (nat_lit 13)))
              (@OfNat.ofNat.{0} Nat (nat_lit 1) (instOfNatNat (nat_lit 1)))))
          (Nat.maxPrimeFac
            (@HAdd.hAdd.{0, 0, 0} Nat Nat Nat (@instHAdd.{0} Nat instAddNat)
              (@OfNat.ofNat.{0} Nat (nat_lit 13) (instOfNatNat (nat_lit 13)))
              (@OfNat.ofNat.{0} Nat (nat_lit 2) (instOfNatNat (nat_lit 2))))))
        (Nat.decLt
          (Nat.maxPrimeFac
            (@HAdd.hAdd.{0, 0, 0} Nat Nat Nat (@instHAdd.{0} Nat instAddNat)
              (@OfNat.ofNat.{0} Nat (nat_lit 13) (instOfNatNat (nat_lit 13)))
              (@OfNat.ofNat.{0} Nat (nat_lit 1) (instOfNatNat (nat_lit 1)))))
          (Nat.maxPrimeFac (@OfNat.ofNat.{0} Nat (nat_lit 13) (instOfNatNat (nat_lit 13)))))
        (Nat.decLt
          (Nat.maxPrimeFac
            (@HAdd.hAdd.{0, 0, 0} Nat Nat Nat (@instHAdd.{0} Nat instAddNat)
              (@OfNat.ofNat.{0} Nat (nat_lit 13) (instOfNatNat (nat_lit 13)))
              (@OfNat.ofNat.{0} Nat (nat_lit 2) (instOfNatNat (nat_lit 2)))))
          (Nat.maxPrimeFac
            (@HAdd.hAdd.{0, 0, 0} Nat Nat Nat (@instHAdd.{0} Nat instAddNat)
              (@OfNat.ofNat.{0} Nat (nat_lit 13) (instOfNatNat (nat_lit 13)))
              (@OfNat.ofNat.{0} Nat (nat_lit 1) (instOfNatNat (nat_lit 1)))))))
      JSP000307.jsp_000307_statement._native.native_decide.ax_1_1))
'JSP000307.jsp_000307_statement' depends on axioms: [propext,
 Classical.choice,
 Quot.sound,
 JSP000307.jsp_000307_statement._native.native_decide.ax_1_1]
