JSP000399.jsp_000399 : @Exists.{1} (Finset.{0} Nat) fun (A : Finset.{0} Nat) =>
  @Exists.{1} (Finset.{0} Nat) fun (B : Finset.{0} Nat) =>
    And (@Ne.{1} (Finset.{0} Nat) A B) (@Eq.{1} (Multiset.{0} Nat) (JSP000399.pairSums A) (JSP000399.pairSums B))
theorem JSP000399.jsp_000399 : @Exists.{1} (Finset.{0} Nat) fun (A : Finset.{0} Nat) =>
  @Exists.{1} (Finset.{0} Nat) fun (B : Finset.{0} Nat) =>
    And (@Ne.{1} (Finset.{0} Nat) A B) (@Eq.{1} (Multiset.{0} Nat) (JSP000399.pairSums A) (JSP000399.pairSums B)) :=
@Exists.intro.{1} (Finset.{0} Nat)
  (fun (A : Finset.{0} Nat) =>
    @Exists.{1} (Finset.{0} Nat) fun (B : Finset.{0} Nat) =>
      And (@Ne.{1} (Finset.{0} Nat) A B) (@Eq.{1} (Multiset.{0} Nat) (JSP000399.pairSums A) (JSP000399.pairSums B)))
  (@Insert.insert.{0, 0} Nat (Finset.{0} Nat) (@Finset.instInsert.{0} Nat instDecidableEqNat)
    (@OfNat.ofNat.{0} Nat (nat_lit 0) (instOfNatNat (nat_lit 0)))
    (@Insert.insert.{0, 0} Nat (Finset.{0} Nat) (@Finset.instInsert.{0} Nat instDecidableEqNat)
      (@OfNat.ofNat.{0} Nat (nat_lit 3) (instOfNatNat (nat_lit 3)))
      (@Insert.insert.{0, 0} Nat (Finset.{0} Nat) (@Finset.instInsert.{0} Nat instDecidableEqNat)
        (@OfNat.ofNat.{0} Nat (nat_lit 5) (instOfNatNat (nat_lit 5)))
        (@Singleton.singleton.{0, 0} Nat (Finset.{0} Nat) (@Finset.instSingleton.{0} Nat)
          (@OfNat.ofNat.{0} Nat (nat_lit 6) (instOfNatNat (nat_lit 6)))))))
  (@Exists.intro.{1} (Finset.{0} Nat)
    (fun (B : Finset.{0} Nat) =>
      And
        (@Ne.{1} (Finset.{0} Nat)
          (@Insert.insert.{0, 0} Nat (Finset.{0} Nat) (@Finset.instInsert.{0} Nat instDecidableEqNat)
            (@OfNat.ofNat.{0} Nat (nat_lit 0) (instOfNatNat (nat_lit 0)))
            (@Insert.insert.{0, 0} Nat (Finset.{0} Nat) (@Finset.instInsert.{0} Nat instDecidableEqNat)
              (@OfNat.ofNat.{0} Nat (nat_lit 3) (instOfNatNat (nat_lit 3)))
              (@Insert.insert.{0, 0} Nat (Finset.{0} Nat) (@Finset.instInsert.{0} Nat instDecidableEqNat)
                (@OfNat.ofNat.{0} Nat (nat_lit 5) (instOfNatNat (nat_lit 5)))
                (@Singleton.singleton.{0, 0} Nat (Finset.{0} Nat) (@Finset.instSingleton.{0} Nat)
                  (@OfNat.ofNat.{0} Nat (nat_lit 6) (instOfNatNat (nat_lit 6)))))))
          B)
        (@Eq.{1} (Multiset.{0} Nat)
          (JSP000399.pairSums
            (@Insert.insert.{0, 0} Nat (Finset.{0} Nat) (@Finset.instInsert.{0} Nat instDecidableEqNat)
              (@OfNat.ofNat.{0} Nat (nat_lit 0) (instOfNatNat (nat_lit 0)))
              (@Insert.insert.{0, 0} Nat (Finset.{0} Nat) (@Finset.instInsert.{0} Nat instDecidableEqNat)
                (@OfNat.ofNat.{0} Nat (nat_lit 3) (instOfNatNat (nat_lit 3)))
                (@Insert.insert.{0, 0} Nat (Finset.{0} Nat) (@Finset.instInsert.{0} Nat instDecidableEqNat)
                  (@OfNat.ofNat.{0} Nat (nat_lit 5) (instOfNatNat (nat_lit 5)))
                  (@Singleton.singleton.{0, 0} Nat (Finset.{0} Nat) (@Finset.instSingleton.{0} Nat)
                    (@OfNat.ofNat.{0} Nat (nat_lit 6) (instOfNatNat (nat_lit 6))))))))
          (JSP000399.pairSums B)))
    (@Insert.insert.{0, 0} Nat (Finset.{0} Nat) (@Finset.instInsert.{0} Nat instDecidableEqNat)
      (@OfNat.ofNat.{0} Nat (nat_lit 1) (instOfNatNat (nat_lit 1)))
      (@Insert.insert.{0, 0} Nat (Finset.{0} Nat) (@Finset.instInsert.{0} Nat instDecidableEqNat)
        (@OfNat.ofNat.{0} Nat (nat_lit 2) (instOfNatNat (nat_lit 2)))
        (@Insert.insert.{0, 0} Nat (Finset.{0} Nat) (@Finset.instInsert.{0} Nat instDecidableEqNat)
          (@OfNat.ofNat.{0} Nat (nat_lit 4) (instOfNatNat (nat_lit 4)))
          (@Singleton.singleton.{0, 0} Nat (Finset.{0} Nat) (@Finset.instSingleton.{0} Nat)
            (@OfNat.ofNat.{0} Nat (nat_lit 7) (instOfNatNat (nat_lit 7)))))))
    (@And.intro
      (@Ne.{1} (Finset.{0} Nat)
        (@Insert.insert.{0, 0} Nat (Finset.{0} Nat) (@Finset.instInsert.{0} Nat instDecidableEqNat)
          (@OfNat.ofNat.{0} Nat (nat_lit 0) (instOfNatNat (nat_lit 0)))
          (@Insert.insert.{0, 0} Nat (Finset.{0} Nat) (@Finset.instInsert.{0} Nat instDecidableEqNat)
            (@OfNat.ofNat.{0} Nat (nat_lit 3) (instOfNatNat (nat_lit 3)))
            (@Insert.insert.{0, 0} Nat (Finset.{0} Nat) (@Finset.instInsert.{0} Nat instDecidableEqNat)
              (@OfNat.ofNat.{0} Nat (nat_lit 5) (instOfNatNat (nat_lit 5)))
              (@Singleton.singleton.{0, 0} Nat (Finset.{0} Nat) (@Finset.instSingleton.{0} Nat)
                (@OfNat.ofNat.{0} Nat (nat_lit 6) (instOfNatNat (nat_lit 6)))))))
        (@Insert.insert.{0, 0} Nat (Finset.{0} Nat) (@Finset.instInsert.{0} Nat instDecidableEqNat)
          (@OfNat.ofNat.{0} Nat (nat_lit 1) (instOfNatNat (nat_lit 1)))
          (@Insert.insert.{0, 0} Nat (Finset.{0} Nat) (@Finset.instInsert.{0} Nat instDecidableEqNat)
            (@OfNat.ofNat.{0} Nat (nat_lit 2) (instOfNatNat (nat_lit 2)))
            (@Insert.insert.{0, 0} Nat (Finset.{0} Nat) (@Finset.instInsert.{0} Nat instDecidableEqNat)
              (@OfNat.ofNat.{0} Nat (nat_lit 4) (instOfNatNat (nat_lit 4)))
              (@Singleton.singleton.{0, 0} Nat (Finset.{0} Nat) (@Finset.instSingleton.{0} Nat)
                (@OfNat.ofNat.{0} Nat (nat_lit 7) (instOfNatNat (nat_lit 7))))))))
      (@Eq.{1} (Multiset.{0} Nat)
        (JSP000399.pairSums
          (@Insert.insert.{0, 0} Nat (Finset.{0} Nat) (@Finset.instInsert.{0} Nat instDecidableEqNat)
            (@OfNat.ofNat.{0} Nat (nat_lit 0) (instOfNatNat (nat_lit 0)))
            (@Insert.insert.{0, 0} Nat (Finset.{0} Nat) (@Finset.instInsert.{0} Nat instDecidableEqNat)
              (@OfNat.ofNat.{0} Nat (nat_lit 3) (instOfNatNat (nat_lit 3)))
              (@Insert.insert.{0, 0} Nat (Finset.{0} Nat) (@Finset.instInsert.{0} Nat instDecidableEqNat)
                (@OfNat.ofNat.{0} Nat (nat_lit 5) (instOfNatNat (nat_lit 5)))
                (@Singleton.singleton.{0, 0} Nat (Finset.{0} Nat) (@Finset.instSingleton.{0} Nat)
                  (@OfNat.ofNat.{0} Nat (nat_lit 6) (instOfNatNat (nat_lit 6))))))))
        (JSP000399.pairSums
          (@Insert.insert.{0, 0} Nat (Finset.{0} Nat) (@Finset.instInsert.{0} Nat instDecidableEqNat)
            (@OfNat.ofNat.{0} Nat (nat_lit 1) (instOfNatNat (nat_lit 1)))
            (@Insert.insert.{0, 0} Nat (Finset.{0} Nat) (@Finset.instInsert.{0} Nat instDecidableEqNat)
              (@OfNat.ofNat.{0} Nat (nat_lit 2) (instOfNatNat (nat_lit 2)))
              (@Insert.insert.{0, 0} Nat (Finset.{0} Nat) (@Finset.instInsert.{0} Nat instDecidableEqNat)
                (@OfNat.ofNat.{0} Nat (nat_lit 4) (instOfNatNat (nat_lit 4)))
                (@Singleton.singleton.{0, 0} Nat (Finset.{0} Nat) (@Finset.instSingleton.{0} Nat)
                  (@OfNat.ofNat.{0} Nat (nat_lit 7) (instOfNatNat (nat_lit 7)))))))))
      (@of_decide_eq_true
        (@Ne.{1} (Finset.{0} Nat)
          (@Insert.insert.{0, 0} Nat (Finset.{0} Nat) (@Finset.instInsert.{0} Nat instDecidableEqNat)
            (@OfNat.ofNat.{0} Nat (nat_lit 0) (instOfNatNat (nat_lit 0)))
            (@Insert.insert.{0, 0} Nat (Finset.{0} Nat) (@Finset.instInsert.{0} Nat instDecidableEqNat)
              (@OfNat.ofNat.{0} Nat (nat_lit 3) (instOfNatNat (nat_lit 3)))
              (@Insert.insert.{0, 0} Nat (Finset.{0} Nat) (@Finset.instInsert.{0} Nat instDecidableEqNat)
                (@OfNat.ofNat.{0} Nat (nat_lit 5) (instOfNatNat (nat_lit 5)))
                (@Singleton.singleton.{0, 0} Nat (Finset.{0} Nat) (@Finset.instSingleton.{0} Nat)
                  (@OfNat.ofNat.{0} Nat (nat_lit 6) (instOfNatNat (nat_lit 6)))))))
          (@Insert.insert.{0, 0} Nat (Finset.{0} Nat) (@Finset.instInsert.{0} Nat instDecidableEqNat)
            (@OfNat.ofNat.{0} Nat (nat_lit 1) (instOfNatNat (nat_lit 1)))
            (@Insert.insert.{0, 0} Nat (Finset.{0} Nat) (@Finset.instInsert.{0} Nat instDecidableEqNat)
              (@OfNat.ofNat.{0} Nat (nat_lit 2) (instOfNatNat (nat_lit 2)))
              (@Insert.insert.{0, 0} Nat (Finset.{0} Nat) (@Finset.instInsert.{0} Nat instDecidableEqNat)
                (@OfNat.ofNat.{0} Nat (nat_lit 4) (instOfNatNat (nat_lit 4)))
                (@Singleton.singleton.{0, 0} Nat (Finset.{0} Nat) (@Finset.instSingleton.{0} Nat)
                  (@OfNat.ofNat.{0} Nat (nat_lit 7) (instOfNatNat (nat_lit 7))))))))
        (@instDecidableNot
          (@Eq.{1} (Finset.{0} Nat)
            (@Insert.insert.{0, 0} Nat (Finset.{0} Nat) (@Finset.instInsert.{0} Nat instDecidableEqNat)
              (@OfNat.ofNat.{0} Nat (nat_lit 0) (instOfNatNat (nat_lit 0)))
              (@Insert.insert.{0, 0} Nat (Finset.{0} Nat) (@Finset.instInsert.{0} Nat instDecidableEqNat)
                (@OfNat.ofNat.{0} Nat (nat_lit 3) (instOfNatNat (nat_lit 3)))
                (@Insert.insert.{0, 0} Nat (Finset.{0} Nat) (@Finset.instInsert.{0} Nat instDecidableEqNat)
                  (@OfNat.ofNat.{0} Nat (nat_lit 5) (instOfNatNat (nat_lit 5)))
                  (@Singleton.singleton.{0, 0} Nat (Finset.{0} Nat) (@Finset.instSingleton.{0} Nat)
                    (@OfNat.ofNat.{0} Nat (nat_lit 6) (instOfNatNat (nat_lit 6)))))))
            (@Insert.insert.{0, 0} Nat (Finset.{0} Nat) (@Finset.instInsert.{0} Nat instDecidableEqNat)
              (@OfNat.ofNat.{0} Nat (nat_lit 1) (instOfNatNat (nat_lit 1)))
              (@Insert.insert.{0, 0} Nat (Finset.{0} Nat) (@Finset.instInsert.{0} Nat instDecidableEqNat)
                (@OfNat.ofNat.{0} Nat (nat_lit 2) (instOfNatNat (nat_lit 2)))
                (@Insert.insert.{0, 0} Nat (Finset.{0} Nat) (@Finset.instInsert.{0} Nat instDecidableEqNat)
                  (@OfNat.ofNat.{0} Nat (nat_lit 4) (instOfNatNat (nat_lit 4)))
                  (@Singleton.singleton.{0, 0} Nat (Finset.{0} Nat) (@Finset.instSingleton.{0} Nat)
                    (@OfNat.ofNat.{0} Nat (nat_lit 7) (instOfNatNat (nat_lit 7))))))))
          (@Finset.decidableEq.{0} Nat instDecidableEqNat
            (@Insert.insert.{0, 0} Nat (Finset.{0} Nat) (@Finset.instInsert.{0} Nat instDecidableEqNat)
              (@OfNat.ofNat.{0} Nat (nat_lit 0) (instOfNatNat (nat_lit 0)))
              (@Insert.insert.{0, 0} Nat (Finset.{0} Nat) (@Finset.instInsert.{0} Nat instDecidableEqNat)
                (@OfNat.ofNat.{0} Nat (nat_lit 3) (instOfNatNat (nat_lit 3)))
                (@Insert.insert.{0, 0} Nat (Finset.{0} Nat) (@Finset.instInsert.{0} Nat instDecidableEqNat)
                  (@OfNat.ofNat.{0} Nat (nat_lit 5) (instOfNatNat (nat_lit 5)))
                  (@Singleton.singleton.{0, 0} Nat (Finset.{0} Nat) (@Finset.instSingleton.{0} Nat)
                    (@OfNat.ofNat.{0} Nat (nat_lit 6) (instOfNatNat (nat_lit 6)))))))
            (@Insert.insert.{0, 0} Nat (Finset.{0} Nat) (@Finset.instInsert.{0} Nat instDecidableEqNat)
              (@OfNat.ofNat.{0} Nat (nat_lit 1) (instOfNatNat (nat_lit 1)))
              (@Insert.insert.{0, 0} Nat (Finset.{0} Nat) (@Finset.instInsert.{0} Nat instDecidableEqNat)
                (@OfNat.ofNat.{0} Nat (nat_lit 2) (instOfNatNat (nat_lit 2)))
                (@Insert.insert.{0, 0} Nat (Finset.{0} Nat) (@Finset.instInsert.{0} Nat instDecidableEqNat)
                  (@OfNat.ofNat.{0} Nat (nat_lit 4) (instOfNatNat (nat_lit 4)))
                  (@Singleton.singleton.{0, 0} Nat (Finset.{0} Nat) (@Finset.instSingleton.{0} Nat)
                    (@OfNat.ofNat.{0} Nat (nat_lit 7) (instOfNatNat (nat_lit 7)))))))))
        JSP000399.jsp_000399._native.native_decide.ax_1_1)
      (@of_decide_eq_true
        (@Eq.{1} (Multiset.{0} Nat)
          (JSP000399.pairSums
            (@Insert.insert.{0, 0} Nat (Finset.{0} Nat) (@Finset.instInsert.{0} Nat instDecidableEqNat)
              (@OfNat.ofNat.{0} Nat (nat_lit 0) (instOfNatNat (nat_lit 0)))
              (@Insert.insert.{0, 0} Nat (Finset.{0} Nat) (@Finset.instInsert.{0} Nat instDecidableEqNat)
                (@OfNat.ofNat.{0} Nat (nat_lit 3) (instOfNatNat (nat_lit 3)))
                (@Insert.insert.{0, 0} Nat (Finset.{0} Nat) (@Finset.instInsert.{0} Nat instDecidableEqNat)
                  (@OfNat.ofNat.{0} Nat (nat_lit 5) (instOfNatNat (nat_lit 5)))
                  (@Singleton.singleton.{0, 0} Nat (Finset.{0} Nat) (@Finset.instSingleton.{0} Nat)
                    (@OfNat.ofNat.{0} Nat (nat_lit 6) (instOfNatNat (nat_lit 6))))))))
          (JSP000399.pairSums
            (@Insert.insert.{0, 0} Nat (Finset.{0} Nat) (@Finset.instInsert.{0} Nat instDecidableEqNat)
              (@OfNat.ofNat.{0} Nat (nat_lit 1) (instOfNatNat (nat_lit 1)))
              (@Insert.insert.{0, 0} Nat (Finset.{0} Nat) (@Finset.instInsert.{0} Nat instDecidableEqNat)
                (@OfNat.ofNat.{0} Nat (nat_lit 2) (instOfNatNat (nat_lit 2)))
                (@Insert.insert.{0, 0} Nat (Finset.{0} Nat) (@Finset.instInsert.{0} Nat instDecidableEqNat)
                  (@OfNat.ofNat.{0} Nat (nat_lit 4) (instOfNatNat (nat_lit 4)))
                  (@Singleton.singleton.{0, 0} Nat (Finset.{0} Nat) (@Finset.instSingleton.{0} Nat)
                    (@OfNat.ofNat.{0} Nat (nat_lit 7) (instOfNatNat (nat_lit 7)))))))))
        (@Multiset.decidableEq.{0} Nat instDecidableEqNat
          (JSP000399.pairSums
            (@Insert.insert.{0, 0} Nat (Finset.{0} Nat) (@Finset.instInsert.{0} Nat instDecidableEqNat)
              (@OfNat.ofNat.{0} Nat (nat_lit 0) (instOfNatNat (nat_lit 0)))
              (@Insert.insert.{0, 0} Nat (Finset.{0} Nat) (@Finset.instInsert.{0} Nat instDecidableEqNat)
                (@OfNat.ofNat.{0} Nat (nat_lit 3) (instOfNatNat (nat_lit 3)))
                (@Insert.insert.{0, 0} Nat (Finset.{0} Nat) (@Finset.instInsert.{0} Nat instDecidableEqNat)
                  (@OfNat.ofNat.{0} Nat (nat_lit 5) (instOfNatNat (nat_lit 5)))
                  (@Singleton.singleton.{0, 0} Nat (Finset.{0} Nat) (@Finset.instSingleton.{0} Nat)
                    (@OfNat.ofNat.{0} Nat (nat_lit 6) (instOfNatNat (nat_lit 6))))))))
          (JSP000399.pairSums
            (@Insert.insert.{0, 0} Nat (Finset.{0} Nat) (@Finset.instInsert.{0} Nat instDecidableEqNat)
              (@OfNat.ofNat.{0} Nat (nat_lit 1) (instOfNatNat (nat_lit 1)))
              (@Insert.insert.{0, 0} Nat (Finset.{0} Nat) (@Finset.instInsert.{0} Nat instDecidableEqNat)
                (@OfNat.ofNat.{0} Nat (nat_lit 2) (instOfNatNat (nat_lit 2)))
                (@Insert.insert.{0, 0} Nat (Finset.{0} Nat) (@Finset.instInsert.{0} Nat instDecidableEqNat)
                  (@OfNat.ofNat.{0} Nat (nat_lit 4) (instOfNatNat (nat_lit 4)))
                  (@Singleton.singleton.{0, 0} Nat (Finset.{0} Nat) (@Finset.instSingleton.{0} Nat)
                    (@OfNat.ofNat.{0} Nat (nat_lit 7) (instOfNatNat (nat_lit 7)))))))))
        JSP000399.jsp_000399._native.native_decide.ax_1_2)))
'JSP000399.jsp_000399' depends on axioms: [propext,
 Classical.choice,
 Quot.sound,
 JSP000399.jsp_000399._native.native_decide.ax_1_1,
 JSP000399.jsp_000399._native.native_decide.ax_1_2]
