JSP000399.jsp_000399_positive : @Exists.{1} (Finset.{0} Nat) fun (A : Finset.{0} Nat) =>
  @Exists.{1} (Finset.{0} Nat) fun (B : Finset.{0} Nat) =>
    And (@Ne.{1} (Finset.{0} Nat) A B)
      (And
        (∀ (x : Nat),
          @Membership.mem.{0, 0} Nat (Finset.{0} Nat)
              (@SetLike.instMembership.{0, 0} (Finset.{0} Nat) Nat (@Finset.instSetLike.{0} Nat)) A x →
            @GT.gt.{0} Nat instLTNat x (@OfNat.ofNat.{0} Nat (nat_lit 0) (instOfNatNat (nat_lit 0))))
        (And
          (∀ (x : Nat),
            @Membership.mem.{0, 0} Nat (Finset.{0} Nat)
                (@SetLike.instMembership.{0, 0} (Finset.{0} Nat) Nat (@Finset.instSetLike.{0} Nat)) B x →
              @GT.gt.{0} Nat instLTNat x (@OfNat.ofNat.{0} Nat (nat_lit 0) (instOfNatNat (nat_lit 0))))
          (@Eq.{1} (Multiset.{0} Nat) (JSP000399.pairSums A) (JSP000399.pairSums B))))
theorem JSP000399.jsp_000399_positive : @Exists.{1} (Finset.{0} Nat) fun (A : Finset.{0} Nat) =>
  @Exists.{1} (Finset.{0} Nat) fun (B : Finset.{0} Nat) =>
    And (@Ne.{1} (Finset.{0} Nat) A B)
      (And
        (∀ (x : Nat),
          @Membership.mem.{0, 0} Nat (Finset.{0} Nat)
              (@SetLike.instMembership.{0, 0} (Finset.{0} Nat) Nat (@Finset.instSetLike.{0} Nat)) A x →
            @GT.gt.{0} Nat instLTNat x (@OfNat.ofNat.{0} Nat (nat_lit 0) (instOfNatNat (nat_lit 0))))
        (And
          (∀ (x : Nat),
            @Membership.mem.{0, 0} Nat (Finset.{0} Nat)
                (@SetLike.instMembership.{0, 0} (Finset.{0} Nat) Nat (@Finset.instSetLike.{0} Nat)) B x →
              @GT.gt.{0} Nat instLTNat x (@OfNat.ofNat.{0} Nat (nat_lit 0) (instOfNatNat (nat_lit 0))))
          (@Eq.{1} (Multiset.{0} Nat) (JSP000399.pairSums A) (JSP000399.pairSums B)))) :=
@Exists.intro.{1} (Finset.{0} Nat)
  (fun (A : Finset.{0} Nat) =>
    @Exists.{1} (Finset.{0} Nat) fun (B : Finset.{0} Nat) =>
      And (@Ne.{1} (Finset.{0} Nat) A B)
        (And
          (∀ (x : Nat),
            @Membership.mem.{0, 0} Nat (Finset.{0} Nat)
                (@SetLike.instMembership.{0, 0} (Finset.{0} Nat) Nat (@Finset.instSetLike.{0} Nat)) A x →
              @GT.gt.{0} Nat instLTNat x (@OfNat.ofNat.{0} Nat (nat_lit 0) (instOfNatNat (nat_lit 0))))
          (And
            (∀ (x : Nat),
              @Membership.mem.{0, 0} Nat (Finset.{0} Nat)
                  (@SetLike.instMembership.{0, 0} (Finset.{0} Nat) Nat (@Finset.instSetLike.{0} Nat)) B x →
                @GT.gt.{0} Nat instLTNat x (@OfNat.ofNat.{0} Nat (nat_lit 0) (instOfNatNat (nat_lit 0))))
            (@Eq.{1} (Multiset.{0} Nat) (JSP000399.pairSums A) (JSP000399.pairSums B)))))
  (@Insert.insert.{0, 0} Nat (Finset.{0} Nat) (@Finset.instInsert.{0} Nat instDecidableEqNat)
    (@OfNat.ofNat.{0} Nat (nat_lit 1) (instOfNatNat (nat_lit 1)))
    (@Insert.insert.{0, 0} Nat (Finset.{0} Nat) (@Finset.instInsert.{0} Nat instDecidableEqNat)
      (@OfNat.ofNat.{0} Nat (nat_lit 4) (instOfNatNat (nat_lit 4)))
      (@Insert.insert.{0, 0} Nat (Finset.{0} Nat) (@Finset.instInsert.{0} Nat instDecidableEqNat)
        (@OfNat.ofNat.{0} Nat (nat_lit 6) (instOfNatNat (nat_lit 6)))
        (@Singleton.singleton.{0, 0} Nat (Finset.{0} Nat) (@Finset.instSingleton.{0} Nat)
          (@OfNat.ofNat.{0} Nat (nat_lit 7) (instOfNatNat (nat_lit 7)))))))
  (@Exists.intro.{1} (Finset.{0} Nat)
    (fun (B : Finset.{0} Nat) =>
      And
        (@Ne.{1} (Finset.{0} Nat)
          (@Insert.insert.{0, 0} Nat (Finset.{0} Nat) (@Finset.instInsert.{0} Nat instDecidableEqNat)
            (@OfNat.ofNat.{0} Nat (nat_lit 1) (instOfNatNat (nat_lit 1)))
            (@Insert.insert.{0, 0} Nat (Finset.{0} Nat) (@Finset.instInsert.{0} Nat instDecidableEqNat)
              (@OfNat.ofNat.{0} Nat (nat_lit 4) (instOfNatNat (nat_lit 4)))
              (@Insert.insert.{0, 0} Nat (Finset.{0} Nat) (@Finset.instInsert.{0} Nat instDecidableEqNat)
                (@OfNat.ofNat.{0} Nat (nat_lit 6) (instOfNatNat (nat_lit 6)))
                (@Singleton.singleton.{0, 0} Nat (Finset.{0} Nat) (@Finset.instSingleton.{0} Nat)
                  (@OfNat.ofNat.{0} Nat (nat_lit 7) (instOfNatNat (nat_lit 7)))))))
          B)
        (And
          (∀ (x : Nat),
            @Membership.mem.{0, 0} Nat (Finset.{0} Nat)
                (@SetLike.instMembership.{0, 0} (Finset.{0} Nat) Nat (@Finset.instSetLike.{0} Nat))
                (@Insert.insert.{0, 0} Nat (Finset.{0} Nat) (@Finset.instInsert.{0} Nat instDecidableEqNat)
                  (@OfNat.ofNat.{0} Nat (nat_lit 1) (instOfNatNat (nat_lit 1)))
                  (@Insert.insert.{0, 0} Nat (Finset.{0} Nat) (@Finset.instInsert.{0} Nat instDecidableEqNat)
                    (@OfNat.ofNat.{0} Nat (nat_lit 4) (instOfNatNat (nat_lit 4)))
                    (@Insert.insert.{0, 0} Nat (Finset.{0} Nat) (@Finset.instInsert.{0} Nat instDecidableEqNat)
                      (@OfNat.ofNat.{0} Nat (nat_lit 6) (instOfNatNat (nat_lit 6)))
                      (@Singleton.singleton.{0, 0} Nat (Finset.{0} Nat) (@Finset.instSingleton.{0} Nat)
                        (@OfNat.ofNat.{0} Nat (nat_lit 7) (instOfNatNat (nat_lit 7)))))))
                x →
              @GT.gt.{0} Nat instLTNat x (@OfNat.ofNat.{0} Nat (nat_lit 0) (instOfNatNat (nat_lit 0))))
          (And
            (∀ (x : Nat),
              @Membership.mem.{0, 0} Nat (Finset.{0} Nat)
                  (@SetLike.instMembership.{0, 0} (Finset.{0} Nat) Nat (@Finset.instSetLike.{0} Nat)) B x →
                @GT.gt.{0} Nat instLTNat x (@OfNat.ofNat.{0} Nat (nat_lit 0) (instOfNatNat (nat_lit 0))))
            (@Eq.{1} (Multiset.{0} Nat)
              (JSP000399.pairSums
                (@Insert.insert.{0, 0} Nat (Finset.{0} Nat) (@Finset.instInsert.{0} Nat instDecidableEqNat)
                  (@OfNat.ofNat.{0} Nat (nat_lit 1) (instOfNatNat (nat_lit 1)))
                  (@Insert.insert.{0, 0} Nat (Finset.{0} Nat) (@Finset.instInsert.{0} Nat instDecidableEqNat)
                    (@OfNat.ofNat.{0} Nat (nat_lit 4) (instOfNatNat (nat_lit 4)))
                    (@Insert.insert.{0, 0} Nat (Finset.{0} Nat) (@Finset.instInsert.{0} Nat instDecidableEqNat)
                      (@OfNat.ofNat.{0} Nat (nat_lit 6) (instOfNatNat (nat_lit 6)))
                      (@Singleton.singleton.{0, 0} Nat (Finset.{0} Nat) (@Finset.instSingleton.{0} Nat)
                        (@OfNat.ofNat.{0} Nat (nat_lit 7) (instOfNatNat (nat_lit 7))))))))
              (JSP000399.pairSums B)))))
    (@Insert.insert.{0, 0} Nat (Finset.{0} Nat) (@Finset.instInsert.{0} Nat instDecidableEqNat)
      (@OfNat.ofNat.{0} Nat (nat_lit 2) (instOfNatNat (nat_lit 2)))
      (@Insert.insert.{0, 0} Nat (Finset.{0} Nat) (@Finset.instInsert.{0} Nat instDecidableEqNat)
        (@OfNat.ofNat.{0} Nat (nat_lit 3) (instOfNatNat (nat_lit 3)))
        (@Insert.insert.{0, 0} Nat (Finset.{0} Nat) (@Finset.instInsert.{0} Nat instDecidableEqNat)
          (@OfNat.ofNat.{0} Nat (nat_lit 5) (instOfNatNat (nat_lit 5)))
          (@Singleton.singleton.{0, 0} Nat (Finset.{0} Nat) (@Finset.instSingleton.{0} Nat)
            (@OfNat.ofNat.{0} Nat (nat_lit 8) (instOfNatNat (nat_lit 8)))))))
    (@And.intro
      (@Ne.{1} (Finset.{0} Nat)
        (@Insert.insert.{0, 0} Nat (Finset.{0} Nat) (@Finset.instInsert.{0} Nat instDecidableEqNat)
          (@OfNat.ofNat.{0} Nat (nat_lit 1) (instOfNatNat (nat_lit 1)))
          (@Insert.insert.{0, 0} Nat (Finset.{0} Nat) (@Finset.instInsert.{0} Nat instDecidableEqNat)
            (@OfNat.ofNat.{0} Nat (nat_lit 4) (instOfNatNat (nat_lit 4)))
            (@Insert.insert.{0, 0} Nat (Finset.{0} Nat) (@Finset.instInsert.{0} Nat instDecidableEqNat)
              (@OfNat.ofNat.{0} Nat (nat_lit 6) (instOfNatNat (nat_lit 6)))
              (@Singleton.singleton.{0, 0} Nat (Finset.{0} Nat) (@Finset.instSingleton.{0} Nat)
                (@OfNat.ofNat.{0} Nat (nat_lit 7) (instOfNatNat (nat_lit 7)))))))
        (@Insert.insert.{0, 0} Nat (Finset.{0} Nat) (@Finset.instInsert.{0} Nat instDecidableEqNat)
          (@OfNat.ofNat.{0} Nat (nat_lit 2) (instOfNatNat (nat_lit 2)))
          (@Insert.insert.{0, 0} Nat (Finset.{0} Nat) (@Finset.instInsert.{0} Nat instDecidableEqNat)
            (@OfNat.ofNat.{0} Nat (nat_lit 3) (instOfNatNat (nat_lit 3)))
            (@Insert.insert.{0, 0} Nat (Finset.{0} Nat) (@Finset.instInsert.{0} Nat instDecidableEqNat)
              (@OfNat.ofNat.{0} Nat (nat_lit 5) (instOfNatNat (nat_lit 5)))
              (@Singleton.singleton.{0, 0} Nat (Finset.{0} Nat) (@Finset.instSingleton.{0} Nat)
                (@OfNat.ofNat.{0} Nat (nat_lit 8) (instOfNatNat (nat_lit 8))))))))
      (And
        (∀ (x : Nat),
          @Membership.mem.{0, 0} Nat (Finset.{0} Nat)
              (@SetLike.instMembership.{0, 0} (Finset.{0} Nat) Nat (@Finset.instSetLike.{0} Nat))
              (@Insert.insert.{0, 0} Nat (Finset.{0} Nat) (@Finset.instInsert.{0} Nat instDecidableEqNat)
                (@OfNat.ofNat.{0} Nat (nat_lit 1) (instOfNatNat (nat_lit 1)))
                (@Insert.insert.{0, 0} Nat (Finset.{0} Nat) (@Finset.instInsert.{0} Nat instDecidableEqNat)
                  (@OfNat.ofNat.{0} Nat (nat_lit 4) (instOfNatNat (nat_lit 4)))
                  (@Insert.insert.{0, 0} Nat (Finset.{0} Nat) (@Finset.instInsert.{0} Nat instDecidableEqNat)
                    (@OfNat.ofNat.{0} Nat (nat_lit 6) (instOfNatNat (nat_lit 6)))
                    (@Singleton.singleton.{0, 0} Nat (Finset.{0} Nat) (@Finset.instSingleton.{0} Nat)
                      (@OfNat.ofNat.{0} Nat (nat_lit 7) (instOfNatNat (nat_lit 7)))))))
              x →
            @GT.gt.{0} Nat instLTNat x (@OfNat.ofNat.{0} Nat (nat_lit 0) (instOfNatNat (nat_lit 0))))
        (And
          (∀ (x : Nat),
            @Membership.mem.{0, 0} Nat (Finset.{0} Nat)
                (@SetLike.instMembership.{0, 0} (Finset.{0} Nat) Nat (@Finset.instSetLike.{0} Nat))
                (@Insert.insert.{0, 0} Nat (Finset.{0} Nat) (@Finset.instInsert.{0} Nat instDecidableEqNat)
                  (@OfNat.ofNat.{0} Nat (nat_lit 2) (instOfNatNat (nat_lit 2)))
                  (@Insert.insert.{0, 0} Nat (Finset.{0} Nat) (@Finset.instInsert.{0} Nat instDecidableEqNat)
                    (@OfNat.ofNat.{0} Nat (nat_lit 3) (instOfNatNat (nat_lit 3)))
                    (@Insert.insert.{0, 0} Nat (Finset.{0} Nat) (@Finset.instInsert.{0} Nat instDecidableEqNat)
                      (@OfNat.ofNat.{0} Nat (nat_lit 5) (instOfNatNat (nat_lit 5)))
                      (@Singleton.singleton.{0, 0} Nat (Finset.{0} Nat) (@Finset.instSingleton.{0} Nat)
                        (@OfNat.ofNat.{0} Nat (nat_lit 8) (instOfNatNat (nat_lit 8)))))))
                x →
              @GT.gt.{0} Nat instLTNat x (@OfNat.ofNat.{0} Nat (nat_lit 0) (instOfNatNat (nat_lit 0))))
          (@Eq.{1} (Multiset.{0} Nat)
            (JSP000399.pairSums
              (@Insert.insert.{0, 0} Nat (Finset.{0} Nat) (@Finset.instInsert.{0} Nat instDecidableEqNat)
                (@OfNat.ofNat.{0} Nat (nat_lit 1) (instOfNatNat (nat_lit 1)))
                (@Insert.insert.{0, 0} Nat (Finset.{0} Nat) (@Finset.instInsert.{0} Nat instDecidableEqNat)
                  (@OfNat.ofNat.{0} Nat (nat_lit 4) (instOfNatNat (nat_lit 4)))
                  (@Insert.insert.{0, 0} Nat (Finset.{0} Nat) (@Finset.instInsert.{0} Nat instDecidableEqNat)
                    (@OfNat.ofNat.{0} Nat (nat_lit 6) (instOfNatNat (nat_lit 6)))
                    (@Singleton.singleton.{0, 0} Nat (Finset.{0} Nat) (@Finset.instSingleton.{0} Nat)
                      (@OfNat.ofNat.{0} Nat (nat_lit 7) (instOfNatNat (nat_lit 7))))))))
            (JSP000399.pairSums
              (@Insert.insert.{0, 0} Nat (Finset.{0} Nat) (@Finset.instInsert.{0} Nat instDecidableEqNat)
                (@OfNat.ofNat.{0} Nat (nat_lit 2) (instOfNatNat (nat_lit 2)))
                (@Insert.insert.{0, 0} Nat (Finset.{0} Nat) (@Finset.instInsert.{0} Nat instDecidableEqNat)
                  (@OfNat.ofNat.{0} Nat (nat_lit 3) (instOfNatNat (nat_lit 3)))
                  (@Insert.insert.{0, 0} Nat (Finset.{0} Nat) (@Finset.instInsert.{0} Nat instDecidableEqNat)
                    (@OfNat.ofNat.{0} Nat (nat_lit 5) (instOfNatNat (nat_lit 5)))
                    (@Singleton.singleton.{0, 0} Nat (Finset.{0} Nat) (@Finset.instSingleton.{0} Nat)
                      (@OfNat.ofNat.{0} Nat (nat_lit 8) (instOfNatNat (nat_lit 8)))))))))))
      (@of_decide_eq_true
        (@Ne.{1} (Finset.{0} Nat)
          (@Insert.insert.{0, 0} Nat (Finset.{0} Nat) (@Finset.instInsert.{0} Nat instDecidableEqNat)
            (@OfNat.ofNat.{0} Nat (nat_lit 1) (instOfNatNat (nat_lit 1)))
            (@Insert.insert.{0, 0} Nat (Finset.{0} Nat) (@Finset.instInsert.{0} Nat instDecidableEqNat)
              (@OfNat.ofNat.{0} Nat (nat_lit 4) (instOfNatNat (nat_lit 4)))
              (@Insert.insert.{0, 0} Nat (Finset.{0} Nat) (@Finset.instInsert.{0} Nat instDecidableEqNat)
                (@OfNat.ofNat.{0} Nat (nat_lit 6) (instOfNatNat (nat_lit 6)))
                (@Singleton.singleton.{0, 0} Nat (Finset.{0} Nat) (@Finset.instSingleton.{0} Nat)
                  (@OfNat.ofNat.{0} Nat (nat_lit 7) (instOfNatNat (nat_lit 7)))))))
          (@Insert.insert.{0, 0} Nat (Finset.{0} Nat) (@Finset.instInsert.{0} Nat instDecidableEqNat)
            (@OfNat.ofNat.{0} Nat (nat_lit 2) (instOfNatNat (nat_lit 2)))
            (@Insert.insert.{0, 0} Nat (Finset.{0} Nat) (@Finset.instInsert.{0} Nat instDecidableEqNat)
              (@OfNat.ofNat.{0} Nat (nat_lit 3) (instOfNatNat (nat_lit 3)))
              (@Insert.insert.{0, 0} Nat (Finset.{0} Nat) (@Finset.instInsert.{0} Nat instDecidableEqNat)
                (@OfNat.ofNat.{0} Nat (nat_lit 5) (instOfNatNat (nat_lit 5)))
                (@Singleton.singleton.{0, 0} Nat (Finset.{0} Nat) (@Finset.instSingleton.{0} Nat)
                  (@OfNat.ofNat.{0} Nat (nat_lit 8) (instOfNatNat (nat_lit 8))))))))
        (@instDecidableNot
          (@Eq.{1} (Finset.{0} Nat)
            (@Insert.insert.{0, 0} Nat (Finset.{0} Nat) (@Finset.instInsert.{0} Nat instDecidableEqNat)
              (@OfNat.ofNat.{0} Nat (nat_lit 1) (instOfNatNat (nat_lit 1)))
              (@Insert.insert.{0, 0} Nat (Finset.{0} Nat) (@Finset.instInsert.{0} Nat instDecidableEqNat)
                (@OfNat.ofNat.{0} Nat (nat_lit 4) (instOfNatNat (nat_lit 4)))
                (@Insert.insert.{0, 0} Nat (Finset.{0} Nat) (@Finset.instInsert.{0} Nat instDecidableEqNat)
                  (@OfNat.ofNat.{0} Nat (nat_lit 6) (instOfNatNat (nat_lit 6)))
                  (@Singleton.singleton.{0, 0} Nat (Finset.{0} Nat) (@Finset.instSingleton.{0} Nat)
                    (@OfNat.ofNat.{0} Nat (nat_lit 7) (instOfNatNat (nat_lit 7)))))))
            (@Insert.insert.{0, 0} Nat (Finset.{0} Nat) (@Finset.instInsert.{0} Nat instDecidableEqNat)
              (@OfNat.ofNat.{0} Nat (nat_lit 2) (instOfNatNat (nat_lit 2)))
              (@Insert.insert.{0, 0} Nat (Finset.{0} Nat) (@Finset.instInsert.{0} Nat instDecidableEqNat)
                (@OfNat.ofNat.{0} Nat (nat_lit 3) (instOfNatNat (nat_lit 3)))
                (@Insert.insert.{0, 0} Nat (Finset.{0} Nat) (@Finset.instInsert.{0} Nat instDecidableEqNat)
                  (@OfNat.ofNat.{0} Nat (nat_lit 5) (instOfNatNat (nat_lit 5)))
                  (@Singleton.singleton.{0, 0} Nat (Finset.{0} Nat) (@Finset.instSingleton.{0} Nat)
                    (@OfNat.ofNat.{0} Nat (nat_lit 8) (instOfNatNat (nat_lit 8))))))))
          (@Finset.decidableEq.{0} Nat instDecidableEqNat
            (@Insert.insert.{0, 0} Nat (Finset.{0} Nat) (@Finset.instInsert.{0} Nat instDecidableEqNat)
              (@OfNat.ofNat.{0} Nat (nat_lit 1) (instOfNatNat (nat_lit 1)))
              (@Insert.insert.{0, 0} Nat (Finset.{0} Nat) (@Finset.instInsert.{0} Nat instDecidableEqNat)
                (@OfNat.ofNat.{0} Nat (nat_lit 4) (instOfNatNat (nat_lit 4)))
                (@Insert.insert.{0, 0} Nat (Finset.{0} Nat) (@Finset.instInsert.{0} Nat instDecidableEqNat)
                  (@OfNat.ofNat.{0} Nat (nat_lit 6) (instOfNatNat (nat_lit 6)))
                  (@Singleton.singleton.{0, 0} Nat (Finset.{0} Nat) (@Finset.instSingleton.{0} Nat)
                    (@OfNat.ofNat.{0} Nat (nat_lit 7) (instOfNatNat (nat_lit 7)))))))
            (@Insert.insert.{0, 0} Nat (Finset.{0} Nat) (@Finset.instInsert.{0} Nat instDecidableEqNat)
              (@OfNat.ofNat.{0} Nat (nat_lit 2) (instOfNatNat (nat_lit 2)))
              (@Insert.insert.{0, 0} Nat (Finset.{0} Nat) (@Finset.instInsert.{0} Nat instDecidableEqNat)
                (@OfNat.ofNat.{0} Nat (nat_lit 3) (instOfNatNat (nat_lit 3)))
                (@Insert.insert.{0, 0} Nat (Finset.{0} Nat) (@Finset.instInsert.{0} Nat instDecidableEqNat)
                  (@OfNat.ofNat.{0} Nat (nat_lit 5) (instOfNatNat (nat_lit 5)))
                  (@Singleton.singleton.{0, 0} Nat (Finset.{0} Nat) (@Finset.instSingleton.{0} Nat)
                    (@OfNat.ofNat.{0} Nat (nat_lit 8) (instOfNatNat (nat_lit 8)))))))))
        JSP000399.jsp_000399_positive._native.native_decide.ax_1_1)
      (@And.intro
        (∀ (x : Nat),
          @Membership.mem.{0, 0} Nat (Finset.{0} Nat)
              (@SetLike.instMembership.{0, 0} (Finset.{0} Nat) Nat (@Finset.instSetLike.{0} Nat))
              (@Insert.insert.{0, 0} Nat (Finset.{0} Nat) (@Finset.instInsert.{0} Nat instDecidableEqNat)
                (@OfNat.ofNat.{0} Nat (nat_lit 1) (instOfNatNat (nat_lit 1)))
                (@Insert.insert.{0, 0} Nat (Finset.{0} Nat) (@Finset.instInsert.{0} Nat instDecidableEqNat)
                  (@OfNat.ofNat.{0} Nat (nat_lit 4) (instOfNatNat (nat_lit 4)))
                  (@Insert.insert.{0, 0} Nat (Finset.{0} Nat) (@Finset.instInsert.{0} Nat instDecidableEqNat)
                    (@OfNat.ofNat.{0} Nat (nat_lit 6) (instOfNatNat (nat_lit 6)))
                    (@Singleton.singleton.{0, 0} Nat (Finset.{0} Nat) (@Finset.instSingleton.{0} Nat)
                      (@OfNat.ofNat.{0} Nat (nat_lit 7) (instOfNatNat (nat_lit 7)))))))
              x →
            @GT.gt.{0} Nat instLTNat x (@OfNat.ofNat.{0} Nat (nat_lit 0) (instOfNatNat (nat_lit 0))))
        (And
          (∀ (x : Nat),
            @Membership.mem.{0, 0} Nat (Finset.{0} Nat)
                (@SetLike.instMembership.{0, 0} (Finset.{0} Nat) Nat (@Finset.instSetLike.{0} Nat))
                (@Insert.insert.{0, 0} Nat (Finset.{0} Nat) (@Finset.instInsert.{0} Nat instDecidableEqNat)
                  (@OfNat.ofNat.{0} Nat (nat_lit 2) (instOfNatNat (nat_lit 2)))
                  (@Insert.insert.{0, 0} Nat (Finset.{0} Nat) (@Finset.instInsert.{0} Nat instDecidableEqNat)
                    (@OfNat.ofNat.{0} Nat (nat_lit 3) (instOfNatNat (nat_lit 3)))
                    (@Insert.insert.{0, 0} Nat (Finset.{0} Nat) (@Finset.instInsert.{0} Nat instDecidableEqNat)
                      (@OfNat.ofNat.{0} Nat (nat_lit 5) (instOfNatNat (nat_lit 5)))
                      (@Singleton.singleton.{0, 0} Nat (Finset.{0} Nat) (@Finset.instSingleton.{0} Nat)
                        (@OfNat.ofNat.{0} Nat (nat_lit 8) (instOfNatNat (nat_lit 8)))))))
                x →
              @GT.gt.{0} Nat instLTNat x (@OfNat.ofNat.{0} Nat (nat_lit 0) (instOfNatNat (nat_lit 0))))
          (@Eq.{1} (Multiset.{0} Nat)
            (JSP000399.pairSums
              (@Insert.insert.{0, 0} Nat (Finset.{0} Nat) (@Finset.instInsert.{0} Nat instDecidableEqNat)
                (@OfNat.ofNat.{0} Nat (nat_lit 1) (instOfNatNat (nat_lit 1)))
                (@Insert.insert.{0, 0} Nat (Finset.{0} Nat) (@Finset.instInsert.{0} Nat instDecidableEqNat)
                  (@OfNat.ofNat.{0} Nat (nat_lit 4) (instOfNatNat (nat_lit 4)))
                  (@Insert.insert.{0, 0} Nat (Finset.{0} Nat) (@Finset.instInsert.{0} Nat instDecidableEqNat)
                    (@OfNat.ofNat.{0} Nat (nat_lit 6) (instOfNatNat (nat_lit 6)))
                    (@Singleton.singleton.{0, 0} Nat (Finset.{0} Nat) (@Finset.instSingleton.{0} Nat)
                      (@OfNat.ofNat.{0} Nat (nat_lit 7) (instOfNatNat (nat_lit 7))))))))
            (JSP000399.pairSums
              (@Insert.insert.{0, 0} Nat (Finset.{0} Nat) (@Finset.instInsert.{0} Nat instDecidableEqNat)
                (@OfNat.ofNat.{0} Nat (nat_lit 2) (instOfNatNat (nat_lit 2)))
                (@Insert.insert.{0, 0} Nat (Finset.{0} Nat) (@Finset.instInsert.{0} Nat instDecidableEqNat)
                  (@OfNat.ofNat.{0} Nat (nat_lit 3) (instOfNatNat (nat_lit 3)))
                  (@Insert.insert.{0, 0} Nat (Finset.{0} Nat) (@Finset.instInsert.{0} Nat instDecidableEqNat)
                    (@OfNat.ofNat.{0} Nat (nat_lit 5) (instOfNatNat (nat_lit 5)))
                    (@Singleton.singleton.{0, 0} Nat (Finset.{0} Nat) (@Finset.instSingleton.{0} Nat)
                      (@OfNat.ofNat.{0} Nat (nat_lit 8) (instOfNatNat (nat_lit 8))))))))))
        (@of_decide_eq_true
          (∀ (x : Nat),
            @Membership.mem.{0, 0} Nat (Finset.{0} Nat)
                (@SetLike.instMembership.{0, 0} (Finset.{0} Nat) Nat (@Finset.instSetLike.{0} Nat))
                (@Insert.insert.{0, 0} Nat (Finset.{0} Nat) (@Finset.instInsert.{0} Nat instDecidableEqNat)
                  (@OfNat.ofNat.{0} Nat (nat_lit 1) (instOfNatNat (nat_lit 1)))
                  (@Insert.insert.{0, 0} Nat (Finset.{0} Nat) (@Finset.instInsert.{0} Nat instDecidableEqNat)
                    (@OfNat.ofNat.{0} Nat (nat_lit 4) (instOfNatNat (nat_lit 4)))
                    (@Insert.insert.{0, 0} Nat (Finset.{0} Nat) (@Finset.instInsert.{0} Nat instDecidableEqNat)
                      (@OfNat.ofNat.{0} Nat (nat_lit 6) (instOfNatNat (nat_lit 6)))
                      (@Singleton.singleton.{0, 0} Nat (Finset.{0} Nat) (@Finset.instSingleton.{0} Nat)
                        (@OfNat.ofNat.{0} Nat (nat_lit 7) (instOfNatNat (nat_lit 7)))))))
                x →
              @GT.gt.{0} Nat instLTNat x (@OfNat.ofNat.{0} Nat (nat_lit 0) (instOfNatNat (nat_lit 0))))
          (@Finset.decidableDforallFinset.{0} Nat
            (@Insert.insert.{0, 0} Nat (Finset.{0} Nat) (@Finset.instInsert.{0} Nat instDecidableEqNat)
              (@OfNat.ofNat.{0} Nat (nat_lit 1) (instOfNatNat (nat_lit 1)))
              (@Insert.insert.{0, 0} Nat (Finset.{0} Nat) (@Finset.instInsert.{0} Nat instDecidableEqNat)
                (@OfNat.ofNat.{0} Nat (nat_lit 4) (instOfNatNat (nat_lit 4)))
                (@Insert.insert.{0, 0} Nat (Finset.{0} Nat) (@Finset.instInsert.{0} Nat instDecidableEqNat)
                  (@OfNat.ofNat.{0} Nat (nat_lit 6) (instOfNatNat (nat_lit 6)))
                  (@Singleton.singleton.{0, 0} Nat (Finset.{0} Nat) (@Finset.instSingleton.{0} Nat)
                    (@OfNat.ofNat.{0} Nat (nat_lit 7) (instOfNatNat (nat_lit 7)))))))
            (fun (x : Nat)
                (a :
                  @Membership.mem.{0, 0} Nat (Finset.{0} Nat)
                    (@SetLike.instMembership.{0, 0} (Finset.{0} Nat) Nat (@Finset.instSetLike.{0} Nat))
                    (@Insert.insert.{0, 0} Nat (Finset.{0} Nat) (@Finset.instInsert.{0} Nat instDecidableEqNat)
                      (@OfNat.ofNat.{0} Nat (nat_lit 1) (instOfNatNat (nat_lit 1)))
                      (@Insert.insert.{0, 0} Nat (Finset.{0} Nat) (@Finset.instInsert.{0} Nat instDecidableEqNat)
                        (@OfNat.ofNat.{0} Nat (nat_lit 4) (instOfNatNat (nat_lit 4)))
                        (@Insert.insert.{0, 0} Nat (Finset.{0} Nat) (@Finset.instInsert.{0} Nat instDecidableEqNat)
                          (@OfNat.ofNat.{0} Nat (nat_lit 6) (instOfNatNat (nat_lit 6)))
                          (@Singleton.singleton.{0, 0} Nat (Finset.{0} Nat) (@Finset.instSingleton.{0} Nat)
                            (@OfNat.ofNat.{0} Nat (nat_lit 7) (instOfNatNat (nat_lit 7)))))))
                    x) =>
              @GT.gt.{0} Nat instLTNat x (@OfNat.ofNat.{0} Nat (nat_lit 0) (instOfNatNat (nat_lit 0))))
            fun (a : Nat)
              (h :
                @Membership.mem.{0, 0} Nat (Finset.{0} Nat)
                  (@SetLike.instMembership.{0, 0} (Finset.{0} Nat) Nat (@Finset.instSetLike.{0} Nat))
                  (@Insert.insert.{0, 0} Nat (Finset.{0} Nat) (@Finset.instInsert.{0} Nat instDecidableEqNat)
                    (@OfNat.ofNat.{0} Nat (nat_lit 1) (instOfNatNat (nat_lit 1)))
                    (@Insert.insert.{0, 0} Nat (Finset.{0} Nat) (@Finset.instInsert.{0} Nat instDecidableEqNat)
                      (@OfNat.ofNat.{0} Nat (nat_lit 4) (instOfNatNat (nat_lit 4)))
                      (@Insert.insert.{0, 0} Nat (Finset.{0} Nat) (@Finset.instInsert.{0} Nat instDecidableEqNat)
                        (@OfNat.ofNat.{0} Nat (nat_lit 6) (instOfNatNat (nat_lit 6)))
                        (@Singleton.singleton.{0, 0} Nat (Finset.{0} Nat) (@Finset.instSingleton.{0} Nat)
                          (@OfNat.ofNat.{0} Nat (nat_lit 7) (instOfNatNat (nat_lit 7)))))))
                  a) =>
            Nat.decLt (@OfNat.ofNat.{0} Nat (nat_lit 0) (instOfNatNat (nat_lit 0))) a)
          JSP000399.jsp_000399_positive._native.native_decide.ax_1_2)
        (@And.intro
          (∀ (x : Nat),
            @Membership.mem.{0, 0} Nat (Finset.{0} Nat)
                (@SetLike.instMembership.{0, 0} (Finset.{0} Nat) Nat (@Finset.instSetLike.{0} Nat))
                (@Insert.insert.{0, 0} Nat (Finset.{0} Nat) (@Finset.instInsert.{0} Nat instDecidableEqNat)
                  (@OfNat.ofNat.{0} Nat (nat_lit 2) (instOfNatNat (nat_lit 2)))
                  (@Insert.insert.{0, 0} Nat (Finset.{0} Nat) (@Finset.instInsert.{0} Nat instDecidableEqNat)
                    (@OfNat.ofNat.{0} Nat (nat_lit 3) (instOfNatNat (nat_lit 3)))
                    (@Insert.insert.{0, 0} Nat (Finset.{0} Nat) (@Finset.instInsert.{0} Nat instDecidableEqNat)
                      (@OfNat.ofNat.{0} Nat (nat_lit 5) (instOfNatNat (nat_lit 5)))
                      (@Singleton.singleton.{0, 0} Nat (Finset.{0} Nat) (@Finset.instSingleton.{0} Nat)
                        (@OfNat.ofNat.{0} Nat (nat_lit 8) (instOfNatNat (nat_lit 8)))))))
                x →
              @GT.gt.{0} Nat instLTNat x (@OfNat.ofNat.{0} Nat (nat_lit 0) (instOfNatNat (nat_lit 0))))
          (@Eq.{1} (Multiset.{0} Nat)
            (JSP000399.pairSums
              (@Insert.insert.{0, 0} Nat (Finset.{0} Nat) (@Finset.instInsert.{0} Nat instDecidableEqNat)
                (@OfNat.ofNat.{0} Nat (nat_lit 1) (instOfNatNat (nat_lit 1)))
                (@Insert.insert.{0, 0} Nat (Finset.{0} Nat) (@Finset.instInsert.{0} Nat instDecidableEqNat)
                  (@OfNat.ofNat.{0} Nat (nat_lit 4) (instOfNatNat (nat_lit 4)))
                  (@Insert.insert.{0, 0} Nat (Finset.{0} Nat) (@Finset.instInsert.{0} Nat instDecidableEqNat)
                    (@OfNat.ofNat.{0} Nat (nat_lit 6) (instOfNatNat (nat_lit 6)))
                    (@Singleton.singleton.{0, 0} Nat (Finset.{0} Nat) (@Finset.instSingleton.{0} Nat)
                      (@OfNat.ofNat.{0} Nat (nat_lit 7) (instOfNatNat (nat_lit 7))))))))
            (JSP000399.pairSums
              (@Insert.insert.{0, 0} Nat (Finset.{0} Nat) (@Finset.instInsert.{0} Nat instDecidableEqNat)
                (@OfNat.ofNat.{0} Nat (nat_lit 2) (instOfNatNat (nat_lit 2)))
                (@Insert.insert.{0, 0} Nat (Finset.{0} Nat) (@Finset.instInsert.{0} Nat instDecidableEqNat)
                  (@OfNat.ofNat.{0} Nat (nat_lit 3) (instOfNatNat (nat_lit 3)))
                  (@Insert.insert.{0, 0} Nat (Finset.{0} Nat) (@Finset.instInsert.{0} Nat instDecidableEqNat)
                    (@OfNat.ofNat.{0} Nat (nat_lit 5) (instOfNatNat (nat_lit 5)))
                    (@Singleton.singleton.{0, 0} Nat (Finset.{0} Nat) (@Finset.instSingleton.{0} Nat)
                      (@OfNat.ofNat.{0} Nat (nat_lit 8) (instOfNatNat (nat_lit 8)))))))))
          (@of_decide_eq_true
            (∀ (x : Nat),
              @Membership.mem.{0, 0} Nat (Finset.{0} Nat)
                  (@SetLike.instMembership.{0, 0} (Finset.{0} Nat) Nat (@Finset.instSetLike.{0} Nat))
                  (@Insert.insert.{0, 0} Nat (Finset.{0} Nat) (@Finset.instInsert.{0} Nat instDecidableEqNat)
                    (@OfNat.ofNat.{0} Nat (nat_lit 2) (instOfNatNat (nat_lit 2)))
                    (@Insert.insert.{0, 0} Nat (Finset.{0} Nat) (@Finset.instInsert.{0} Nat instDecidableEqNat)
                      (@OfNat.ofNat.{0} Nat (nat_lit 3) (instOfNatNat (nat_lit 3)))
                      (@Insert.insert.{0, 0} Nat (Finset.{0} Nat) (@Finset.instInsert.{0} Nat instDecidableEqNat)
                        (@OfNat.ofNat.{0} Nat (nat_lit 5) (instOfNatNat (nat_lit 5)))
                        (@Singleton.singleton.{0, 0} Nat (Finset.{0} Nat) (@Finset.instSingleton.{0} Nat)
                          (@OfNat.ofNat.{0} Nat (nat_lit 8) (instOfNatNat (nat_lit 8)))))))
                  x →
                @GT.gt.{0} Nat instLTNat x (@OfNat.ofNat.{0} Nat (nat_lit 0) (instOfNatNat (nat_lit 0))))
            (@Finset.decidableDforallFinset.{0} Nat
              (@Insert.insert.{0, 0} Nat (Finset.{0} Nat) (@Finset.instInsert.{0} Nat instDecidableEqNat)
                (@OfNat.ofNat.{0} Nat (nat_lit 2) (instOfNatNat (nat_lit 2)))
                (@Insert.insert.{0, 0} Nat (Finset.{0} Nat) (@Finset.instInsert.{0} Nat instDecidableEqNat)
                  (@OfNat.ofNat.{0} Nat (nat_lit 3) (instOfNatNat (nat_lit 3)))
                  (@Insert.insert.{0, 0} Nat (Finset.{0} Nat) (@Finset.instInsert.{0} Nat instDecidableEqNat)
                    (@OfNat.ofNat.{0} Nat (nat_lit 5) (instOfNatNat (nat_lit 5)))
                    (@Singleton.singleton.{0, 0} Nat (Finset.{0} Nat) (@Finset.instSingleton.{0} Nat)
                      (@OfNat.ofNat.{0} Nat (nat_lit 8) (instOfNatNat (nat_lit 8)))))))
              (fun (x : Nat)
                  (a :
                    @Membership.mem.{0, 0} Nat (Finset.{0} Nat)
                      (@SetLike.instMembership.{0, 0} (Finset.{0} Nat) Nat (@Finset.instSetLike.{0} Nat))
                      (@Insert.insert.{0, 0} Nat (Finset.{0} Nat) (@Finset.instInsert.{0} Nat instDecidableEqNat)
                        (@OfNat.ofNat.{0} Nat (nat_lit 2) (instOfNatNat (nat_lit 2)))
                        (@Insert.insert.{0, 0} Nat (Finset.{0} Nat) (@Finset.instInsert.{0} Nat instDecidableEqNat)
                          (@OfNat.ofNat.{0} Nat (nat_lit 3) (instOfNatNat (nat_lit 3)))
                          (@Insert.insert.{0, 0} Nat (Finset.{0} Nat) (@Finset.instInsert.{0} Nat instDecidableEqNat)
                            (@OfNat.ofNat.{0} Nat (nat_lit 5) (instOfNatNat (nat_lit 5)))
                            (@Singleton.singleton.{0, 0} Nat (Finset.{0} Nat) (@Finset.instSingleton.{0} Nat)
                              (@OfNat.ofNat.{0} Nat (nat_lit 8) (instOfNatNat (nat_lit 8)))))))
                      x) =>
                @GT.gt.{0} Nat instLTNat x (@OfNat.ofNat.{0} Nat (nat_lit 0) (instOfNatNat (nat_lit 0))))
              fun (a : Nat)
                (h :
                  @Membership.mem.{0, 0} Nat (Finset.{0} Nat)
                    (@SetLike.instMembership.{0, 0} (Finset.{0} Nat) Nat (@Finset.instSetLike.{0} Nat))
                    (@Insert.insert.{0, 0} Nat (Finset.{0} Nat) (@Finset.instInsert.{0} Nat instDecidableEqNat)
                      (@OfNat.ofNat.{0} Nat (nat_lit 2) (instOfNatNat (nat_lit 2)))
                      (@Insert.insert.{0, 0} Nat (Finset.{0} Nat) (@Finset.instInsert.{0} Nat instDecidableEqNat)
                        (@OfNat.ofNat.{0} Nat (nat_lit 3) (instOfNatNat (nat_lit 3)))
                        (@Insert.insert.{0, 0} Nat (Finset.{0} Nat) (@Finset.instInsert.{0} Nat instDecidableEqNat)
                          (@OfNat.ofNat.{0} Nat (nat_lit 5) (instOfNatNat (nat_lit 5)))
                          (@Singleton.singleton.{0, 0} Nat (Finset.{0} Nat) (@Finset.instSingleton.{0} Nat)
                            (@OfNat.ofNat.{0} Nat (nat_lit 8) (instOfNatNat (nat_lit 8)))))))
                    a) =>
              Nat.decLt (@OfNat.ofNat.{0} Nat (nat_lit 0) (instOfNatNat (nat_lit 0))) a)
            JSP000399.jsp_000399_positive._native.native_decide.ax_1_3)
          (@of_decide_eq_true
            (@Eq.{1} (Multiset.{0} Nat)
              (JSP000399.pairSums
                (@Insert.insert.{0, 0} Nat (Finset.{0} Nat) (@Finset.instInsert.{0} Nat instDecidableEqNat)
                  (@OfNat.ofNat.{0} Nat (nat_lit 1) (instOfNatNat (nat_lit 1)))
                  (@Insert.insert.{0, 0} Nat (Finset.{0} Nat) (@Finset.instInsert.{0} Nat instDecidableEqNat)
                    (@OfNat.ofNat.{0} Nat (nat_lit 4) (instOfNatNat (nat_lit 4)))
                    (@Insert.insert.{0, 0} Nat (Finset.{0} Nat) (@Finset.instInsert.{0} Nat instDecidableEqNat)
                      (@OfNat.ofNat.{0} Nat (nat_lit 6) (instOfNatNat (nat_lit 6)))
                      (@Singleton.singleton.{0, 0} Nat (Finset.{0} Nat) (@Finset.instSingleton.{0} Nat)
                        (@OfNat.ofNat.{0} Nat (nat_lit 7) (instOfNatNat (nat_lit 7))))))))
              (JSP000399.pairSums
                (@Insert.insert.{0, 0} Nat (Finset.{0} Nat) (@Finset.instInsert.{0} Nat instDecidableEqNat)
                  (@OfNat.ofNat.{0} Nat (nat_lit 2) (instOfNatNat (nat_lit 2)))
                  (@Insert.insert.{0, 0} Nat (Finset.{0} Nat) (@Finset.instInsert.{0} Nat instDecidableEqNat)
                    (@OfNat.ofNat.{0} Nat (nat_lit 3) (instOfNatNat (nat_lit 3)))
                    (@Insert.insert.{0, 0} Nat (Finset.{0} Nat) (@Finset.instInsert.{0} Nat instDecidableEqNat)
                      (@OfNat.ofNat.{0} Nat (nat_lit 5) (instOfNatNat (nat_lit 5)))
                      (@Singleton.singleton.{0, 0} Nat (Finset.{0} Nat) (@Finset.instSingleton.{0} Nat)
                        (@OfNat.ofNat.{0} Nat (nat_lit 8) (instOfNatNat (nat_lit 8)))))))))
            (@Multiset.decidableEq.{0} Nat instDecidableEqNat
              (JSP000399.pairSums
                (@Insert.insert.{0, 0} Nat (Finset.{0} Nat) (@Finset.instInsert.{0} Nat instDecidableEqNat)
                  (@OfNat.ofNat.{0} Nat (nat_lit 1) (instOfNatNat (nat_lit 1)))
                  (@Insert.insert.{0, 0} Nat (Finset.{0} Nat) (@Finset.instInsert.{0} Nat instDecidableEqNat)
                    (@OfNat.ofNat.{0} Nat (nat_lit 4) (instOfNatNat (nat_lit 4)))
                    (@Insert.insert.{0, 0} Nat (Finset.{0} Nat) (@Finset.instInsert.{0} Nat instDecidableEqNat)
                      (@OfNat.ofNat.{0} Nat (nat_lit 6) (instOfNatNat (nat_lit 6)))
                      (@Singleton.singleton.{0, 0} Nat (Finset.{0} Nat) (@Finset.instSingleton.{0} Nat)
                        (@OfNat.ofNat.{0} Nat (nat_lit 7) (instOfNatNat (nat_lit 7))))))))
              (JSP000399.pairSums
                (@Insert.insert.{0, 0} Nat (Finset.{0} Nat) (@Finset.instInsert.{0} Nat instDecidableEqNat)
                  (@OfNat.ofNat.{0} Nat (nat_lit 2) (instOfNatNat (nat_lit 2)))
                  (@Insert.insert.{0, 0} Nat (Finset.{0} Nat) (@Finset.instInsert.{0} Nat instDecidableEqNat)
                    (@OfNat.ofNat.{0} Nat (nat_lit 3) (instOfNatNat (nat_lit 3)))
                    (@Insert.insert.{0, 0} Nat (Finset.{0} Nat) (@Finset.instInsert.{0} Nat instDecidableEqNat)
                      (@OfNat.ofNat.{0} Nat (nat_lit 5) (instOfNatNat (nat_lit 5)))
                      (@Singleton.singleton.{0, 0} Nat (Finset.{0} Nat) (@Finset.instSingleton.{0} Nat)
                        (@OfNat.ofNat.{0} Nat (nat_lit 8) (instOfNatNat (nat_lit 8)))))))))
            JSP000399.jsp_000399_positive._native.native_decide.ax_1_4)))))
'JSP000399.jsp_000399_positive' depends on axioms: [propext,
 Classical.choice,
 Quot.sound,
 JSP000399.jsp_000399_positive._native.native_decide.ax_1_1,
 JSP000399.jsp_000399_positive._native.native_decide.ax_1_2,
 JSP000399.jsp_000399_positive._native.native_decide.ax_1_3,
 JSP000399.jsp_000399_positive._native.native_decide.ax_1_4]
