JSP000243.two_three_six : @Eq.{1} Rat
  (@HAdd.hAdd.{0, 0, 0} Rat Rat Rat (@instHAdd.{0} Rat Rat.instAdd)
    (@HAdd.hAdd.{0, 0, 0} Rat Rat Rat (@instHAdd.{0} Rat Rat.instAdd)
      (@HDiv.hDiv.{0, 0, 0} Rat Rat Rat (@instHDiv.{0} Rat Rat.instDiv)
        (@OfNat.ofNat.{0} Rat (nat_lit 1) (@Rat.instOfNat (nat_lit 1)))
        (@OfNat.ofNat.{0} Rat (nat_lit 2) (@Rat.instOfNat (nat_lit 2))))
      (@HDiv.hDiv.{0, 0, 0} Rat Rat Rat (@instHDiv.{0} Rat Rat.instDiv)
        (@OfNat.ofNat.{0} Rat (nat_lit 1) (@Rat.instOfNat (nat_lit 1)))
        (@OfNat.ofNat.{0} Rat (nat_lit 3) (@Rat.instOfNat (nat_lit 3)))))
    (@HDiv.hDiv.{0, 0, 0} Rat Rat Rat (@instHDiv.{0} Rat Rat.instDiv)
      (@OfNat.ofNat.{0} Rat (nat_lit 1) (@Rat.instOfNat (nat_lit 1)))
      (@OfNat.ofNat.{0} Rat (nat_lit 6) (@Rat.instOfNat (nat_lit 6)))))
  (@OfNat.ofNat.{0} Rat (nat_lit 1) (@Rat.instOfNat (nat_lit 1)))
theorem JSP000243.two_three_six : @Eq.{1} Rat
  (@HAdd.hAdd.{0, 0, 0} Rat Rat Rat (@instHAdd.{0} Rat Rat.instAdd)
    (@HAdd.hAdd.{0, 0, 0} Rat Rat Rat (@instHAdd.{0} Rat Rat.instAdd)
      (@HDiv.hDiv.{0, 0, 0} Rat Rat Rat (@instHDiv.{0} Rat Rat.instDiv)
        (@OfNat.ofNat.{0} Rat (nat_lit 1) (@Rat.instOfNat (nat_lit 1)))
        (@OfNat.ofNat.{0} Rat (nat_lit 2) (@Rat.instOfNat (nat_lit 2))))
      (@HDiv.hDiv.{0, 0, 0} Rat Rat Rat (@instHDiv.{0} Rat Rat.instDiv)
        (@OfNat.ofNat.{0} Rat (nat_lit 1) (@Rat.instOfNat (nat_lit 1)))
        (@OfNat.ofNat.{0} Rat (nat_lit 3) (@Rat.instOfNat (nat_lit 3)))))
    (@HDiv.hDiv.{0, 0, 0} Rat Rat Rat (@instHDiv.{0} Rat Rat.instDiv)
      (@OfNat.ofNat.{0} Rat (nat_lit 1) (@Rat.instOfNat (nat_lit 1)))
      (@OfNat.ofNat.{0} Rat (nat_lit 6) (@Rat.instOfNat (nat_lit 6)))))
  (@OfNat.ofNat.{0} Rat (nat_lit 1) (@Rat.instOfNat (nat_lit 1))) :=
@of_decide_eq_true
  (@Eq.{1} Rat
    (@HAdd.hAdd.{0, 0, 0} Rat Rat Rat (@instHAdd.{0} Rat Rat.instAdd)
      (@HAdd.hAdd.{0, 0, 0} Rat Rat Rat (@instHAdd.{0} Rat Rat.instAdd)
        (@HDiv.hDiv.{0, 0, 0} Rat Rat Rat (@instHDiv.{0} Rat Rat.instDiv)
          (@OfNat.ofNat.{0} Rat (nat_lit 1) (@Rat.instOfNat (nat_lit 1)))
          (@OfNat.ofNat.{0} Rat (nat_lit 2) (@Rat.instOfNat (nat_lit 2))))
        (@HDiv.hDiv.{0, 0, 0} Rat Rat Rat (@instHDiv.{0} Rat Rat.instDiv)
          (@OfNat.ofNat.{0} Rat (nat_lit 1) (@Rat.instOfNat (nat_lit 1)))
          (@OfNat.ofNat.{0} Rat (nat_lit 3) (@Rat.instOfNat (nat_lit 3)))))
      (@HDiv.hDiv.{0, 0, 0} Rat Rat Rat (@instHDiv.{0} Rat Rat.instDiv)
        (@OfNat.ofNat.{0} Rat (nat_lit 1) (@Rat.instOfNat (nat_lit 1)))
        (@OfNat.ofNat.{0} Rat (nat_lit 6) (@Rat.instOfNat (nat_lit 6)))))
    (@OfNat.ofNat.{0} Rat (nat_lit 1) (@Rat.instOfNat (nat_lit 1))))
  (instDecidableEqRat
    (@HAdd.hAdd.{0, 0, 0} Rat Rat Rat (@instHAdd.{0} Rat Rat.instAdd)
      (@HAdd.hAdd.{0, 0, 0} Rat Rat Rat (@instHAdd.{0} Rat Rat.instAdd)
        (@HDiv.hDiv.{0, 0, 0} Rat Rat Rat (@instHDiv.{0} Rat Rat.instDiv)
          (@OfNat.ofNat.{0} Rat (nat_lit 1) (@Rat.instOfNat (nat_lit 1)))
          (@OfNat.ofNat.{0} Rat (nat_lit 2) (@Rat.instOfNat (nat_lit 2))))
        (@HDiv.hDiv.{0, 0, 0} Rat Rat Rat (@instHDiv.{0} Rat Rat.instDiv)
          (@OfNat.ofNat.{0} Rat (nat_lit 1) (@Rat.instOfNat (nat_lit 1)))
          (@OfNat.ofNat.{0} Rat (nat_lit 3) (@Rat.instOfNat (nat_lit 3)))))
      (@HDiv.hDiv.{0, 0, 0} Rat Rat Rat (@instHDiv.{0} Rat Rat.instDiv)
        (@OfNat.ofNat.{0} Rat (nat_lit 1) (@Rat.instOfNat (nat_lit 1)))
        (@OfNat.ofNat.{0} Rat (nat_lit 6) (@Rat.instOfNat (nat_lit 6)))))
    (@OfNat.ofNat.{0} Rat (nat_lit 1) (@Rat.instOfNat (nat_lit 1))))
  JSP000243.two_three_six._native.native_decide.ax_1_1
'JSP000243.two_three_six' depends on axioms: [propext,
 Classical.choice,
 Quot.sound,
 JSP000243.two_three_six._native.native_decide.ax_1_1]
