JSP000243.interval_2_5_none : ∀ (b2 b3 b4 b5 : Bool),
  Or
    (Not
      (@Eq.{1} Rat
        (@HAdd.hAdd.{0, 0, 0} Rat Rat Rat (@instHAdd.{0} Rat Rat.instAdd)
          (@HAdd.hAdd.{0, 0, 0} Rat Rat Rat (@instHAdd.{0} Rat Rat.instAdd)
            (@HAdd.hAdd.{0, 0, 0} Rat Rat Rat (@instHAdd.{0} Rat Rat.instAdd)
              (@HMul.hMul.{0, 0, 0} Rat Rat Rat (@instHMul.{0} Rat Rat.instMul)
                (@HDiv.hDiv.{0, 0, 0} Rat Rat Rat (@instHDiv.{0} Rat Rat.instDiv)
                  (@OfNat.ofNat.{0} Rat (nat_lit 1) (@Rat.instOfNat (nat_lit 1)))
                  (@OfNat.ofNat.{0} Rat (nat_lit 2) (@Rat.instOfNat (nat_lit 2))))
                (@ite.{1} Rat (@Eq.{1} Bool b2 Bool.true) (instDecidableEqBool b2 Bool.true)
                  (@OfNat.ofNat.{0} Rat (nat_lit 1) (@Rat.instOfNat (nat_lit 1)))
                  (@OfNat.ofNat.{0} Rat (nat_lit 0) (@Rat.instOfNat (nat_lit 0)))))
              (@HMul.hMul.{0, 0, 0} Rat Rat Rat (@instHMul.{0} Rat Rat.instMul)
                (@HDiv.hDiv.{0, 0, 0} Rat Rat Rat (@instHDiv.{0} Rat Rat.instDiv)
                  (@OfNat.ofNat.{0} Rat (nat_lit 1) (@Rat.instOfNat (nat_lit 1)))
                  (@OfNat.ofNat.{0} Rat (nat_lit 3) (@Rat.instOfNat (nat_lit 3))))
                (@ite.{1} Rat (@Eq.{1} Bool b3 Bool.true) (instDecidableEqBool b3 Bool.true)
                  (@OfNat.ofNat.{0} Rat (nat_lit 1) (@Rat.instOfNat (nat_lit 1)))
                  (@OfNat.ofNat.{0} Rat (nat_lit 0) (@Rat.instOfNat (nat_lit 0))))))
            (@HMul.hMul.{0, 0, 0} Rat Rat Rat (@instHMul.{0} Rat Rat.instMul)
              (@HDiv.hDiv.{0, 0, 0} Rat Rat Rat (@instHDiv.{0} Rat Rat.instDiv)
                (@OfNat.ofNat.{0} Rat (nat_lit 1) (@Rat.instOfNat (nat_lit 1)))
                (@OfNat.ofNat.{0} Rat (nat_lit 4) (@Rat.instOfNat (nat_lit 4))))
              (@ite.{1} Rat (@Eq.{1} Bool b4 Bool.true) (instDecidableEqBool b4 Bool.true)
                (@OfNat.ofNat.{0} Rat (nat_lit 1) (@Rat.instOfNat (nat_lit 1)))
                (@OfNat.ofNat.{0} Rat (nat_lit 0) (@Rat.instOfNat (nat_lit 0))))))
          (@HMul.hMul.{0, 0, 0} Rat Rat Rat (@instHMul.{0} Rat Rat.instMul)
            (@HDiv.hDiv.{0, 0, 0} Rat Rat Rat (@instHDiv.{0} Rat Rat.instDiv)
              (@OfNat.ofNat.{0} Rat (nat_lit 1) (@Rat.instOfNat (nat_lit 1)))
              (@OfNat.ofNat.{0} Rat (nat_lit 5) (@Rat.instOfNat (nat_lit 5))))
            (@ite.{1} Rat (@Eq.{1} Bool b5 Bool.true) (instDecidableEqBool b5 Bool.true)
              (@OfNat.ofNat.{0} Rat (nat_lit 1) (@Rat.instOfNat (nat_lit 1)))
              (@OfNat.ofNat.{0} Rat (nat_lit 0) (@Rat.instOfNat (nat_lit 0))))))
        (@OfNat.ofNat.{0} Rat (nat_lit 1) (@Rat.instOfNat (nat_lit 1)))))
    (Not
      (Or (@Eq.{1} Bool b2 Bool.true)
        (Or (@Eq.{1} Bool b3 Bool.true) (Or (@Eq.{1} Bool b4 Bool.true) (@Eq.{1} Bool b5 Bool.true)))))
theorem JSP000243.interval_2_5_none : ∀ (b2 b3 b4 b5 : Bool),
  Or
    (Not
      (@Eq.{1} Rat
        (@HAdd.hAdd.{0, 0, 0} Rat Rat Rat (@instHAdd.{0} Rat Rat.instAdd)
          (@HAdd.hAdd.{0, 0, 0} Rat Rat Rat (@instHAdd.{0} Rat Rat.instAdd)
            (@HAdd.hAdd.{0, 0, 0} Rat Rat Rat (@instHAdd.{0} Rat Rat.instAdd)
              (@HMul.hMul.{0, 0, 0} Rat Rat Rat (@instHMul.{0} Rat Rat.instMul)
                (@HDiv.hDiv.{0, 0, 0} Rat Rat Rat (@instHDiv.{0} Rat Rat.instDiv)
                  (@OfNat.ofNat.{0} Rat (nat_lit 1) (@Rat.instOfNat (nat_lit 1)))
                  (@OfNat.ofNat.{0} Rat (nat_lit 2) (@Rat.instOfNat (nat_lit 2))))
                (@ite.{1} Rat (@Eq.{1} Bool b2 Bool.true) (instDecidableEqBool b2 Bool.true)
                  (@OfNat.ofNat.{0} Rat (nat_lit 1) (@Rat.instOfNat (nat_lit 1)))
                  (@OfNat.ofNat.{0} Rat (nat_lit 0) (@Rat.instOfNat (nat_lit 0)))))
              (@HMul.hMul.{0, 0, 0} Rat Rat Rat (@instHMul.{0} Rat Rat.instMul)
                (@HDiv.hDiv.{0, 0, 0} Rat Rat Rat (@instHDiv.{0} Rat Rat.instDiv)
                  (@OfNat.ofNat.{0} Rat (nat_lit 1) (@Rat.instOfNat (nat_lit 1)))
                  (@OfNat.ofNat.{0} Rat (nat_lit 3) (@Rat.instOfNat (nat_lit 3))))
                (@ite.{1} Rat (@Eq.{1} Bool b3 Bool.true) (instDecidableEqBool b3 Bool.true)
                  (@OfNat.ofNat.{0} Rat (nat_lit 1) (@Rat.instOfNat (nat_lit 1)))
                  (@OfNat.ofNat.{0} Rat (nat_lit 0) (@Rat.instOfNat (nat_lit 0))))))
            (@HMul.hMul.{0, 0, 0} Rat Rat Rat (@instHMul.{0} Rat Rat.instMul)
              (@HDiv.hDiv.{0, 0, 0} Rat Rat Rat (@instHDiv.{0} Rat Rat.instDiv)
                (@OfNat.ofNat.{0} Rat (nat_lit 1) (@Rat.instOfNat (nat_lit 1)))
                (@OfNat.ofNat.{0} Rat (nat_lit 4) (@Rat.instOfNat (nat_lit 4))))
              (@ite.{1} Rat (@Eq.{1} Bool b4 Bool.true) (instDecidableEqBool b4 Bool.true)
                (@OfNat.ofNat.{0} Rat (nat_lit 1) (@Rat.instOfNat (nat_lit 1)))
                (@OfNat.ofNat.{0} Rat (nat_lit 0) (@Rat.instOfNat (nat_lit 0))))))
          (@HMul.hMul.{0, 0, 0} Rat Rat Rat (@instHMul.{0} Rat Rat.instMul)
            (@HDiv.hDiv.{0, 0, 0} Rat Rat Rat (@instHDiv.{0} Rat Rat.instDiv)
              (@OfNat.ofNat.{0} Rat (nat_lit 1) (@Rat.instOfNat (nat_lit 1)))
              (@OfNat.ofNat.{0} Rat (nat_lit 5) (@Rat.instOfNat (nat_lit 5))))
            (@ite.{1} Rat (@Eq.{1} Bool b5 Bool.true) (instDecidableEqBool b5 Bool.true)
              (@OfNat.ofNat.{0} Rat (nat_lit 1) (@Rat.instOfNat (nat_lit 1)))
              (@OfNat.ofNat.{0} Rat (nat_lit 0) (@Rat.instOfNat (nat_lit 0))))))
        (@OfNat.ofNat.{0} Rat (nat_lit 1) (@Rat.instOfNat (nat_lit 1)))))
    (Not
      (Or (@Eq.{1} Bool b2 Bool.true)
        (Or (@Eq.{1} Bool b3 Bool.true) (Or (@Eq.{1} Bool b4 Bool.true) (@Eq.{1} Bool b5 Bool.true))))) :=
@of_decide_eq_true
  (∀ (b2 b3 b4 b5 : Bool),
    Or
      (Not
        (@Eq.{1} Rat
          (@HAdd.hAdd.{0, 0, 0} Rat Rat Rat (@instHAdd.{0} Rat Rat.instAdd)
            (@HAdd.hAdd.{0, 0, 0} Rat Rat Rat (@instHAdd.{0} Rat Rat.instAdd)
              (@HAdd.hAdd.{0, 0, 0} Rat Rat Rat (@instHAdd.{0} Rat Rat.instAdd)
                (@HMul.hMul.{0, 0, 0} Rat Rat Rat (@instHMul.{0} Rat Rat.instMul)
                  (@HDiv.hDiv.{0, 0, 0} Rat Rat Rat (@instHDiv.{0} Rat Rat.instDiv)
                    (@OfNat.ofNat.{0} Rat (nat_lit 1) (@Rat.instOfNat (nat_lit 1)))
                    (@OfNat.ofNat.{0} Rat (nat_lit 2) (@Rat.instOfNat (nat_lit 2))))
                  (@ite.{1} Rat (@Eq.{1} Bool b2 Bool.true) (instDecidableEqBool b2 Bool.true)
                    (@OfNat.ofNat.{0} Rat (nat_lit 1) (@Rat.instOfNat (nat_lit 1)))
                    (@OfNat.ofNat.{0} Rat (nat_lit 0) (@Rat.instOfNat (nat_lit 0)))))
                (@HMul.hMul.{0, 0, 0} Rat Rat Rat (@instHMul.{0} Rat Rat.instMul)
                  (@HDiv.hDiv.{0, 0, 0} Rat Rat Rat (@instHDiv.{0} Rat Rat.instDiv)
                    (@OfNat.ofNat.{0} Rat (nat_lit 1) (@Rat.instOfNat (nat_lit 1)))
                    (@OfNat.ofNat.{0} Rat (nat_lit 3) (@Rat.instOfNat (nat_lit 3))))
                  (@ite.{1} Rat (@Eq.{1} Bool b3 Bool.true) (instDecidableEqBool b3 Bool.true)
                    (@OfNat.ofNat.{0} Rat (nat_lit 1) (@Rat.instOfNat (nat_lit 1)))
                    (@OfNat.ofNat.{0} Rat (nat_lit 0) (@Rat.instOfNat (nat_lit 0))))))
              (@HMul.hMul.{0, 0, 0} Rat Rat Rat (@instHMul.{0} Rat Rat.instMul)
                (@HDiv.hDiv.{0, 0, 0} Rat Rat Rat (@instHDiv.{0} Rat Rat.instDiv)
                  (@OfNat.ofNat.{0} Rat (nat_lit 1) (@Rat.instOfNat (nat_lit 1)))
                  (@OfNat.ofNat.{0} Rat (nat_lit 4) (@Rat.instOfNat (nat_lit 4))))
                (@ite.{1} Rat (@Eq.{1} Bool b4 Bool.true) (instDecidableEqBool b4 Bool.true)
                  (@OfNat.ofNat.{0} Rat (nat_lit 1) (@Rat.instOfNat (nat_lit 1)))
                  (@OfNat.ofNat.{0} Rat (nat_lit 0) (@Rat.instOfNat (nat_lit 0))))))
            (@HMul.hMul.{0, 0, 0} Rat Rat Rat (@instHMul.{0} Rat Rat.instMul)
              (@HDiv.hDiv.{0, 0, 0} Rat Rat Rat (@instHDiv.{0} Rat Rat.instDiv)
                (@OfNat.ofNat.{0} Rat (nat_lit 1) (@Rat.instOfNat (nat_lit 1)))
                (@OfNat.ofNat.{0} Rat (nat_lit 5) (@Rat.instOfNat (nat_lit 5))))
              (@ite.{1} Rat (@Eq.{1} Bool b5 Bool.true) (instDecidableEqBool b5 Bool.true)
                (@OfNat.ofNat.{0} Rat (nat_lit 1) (@Rat.instOfNat (nat_lit 1)))
                (@OfNat.ofNat.{0} Rat (nat_lit 0) (@Rat.instOfNat (nat_lit 0))))))
          (@OfNat.ofNat.{0} Rat (nat_lit 1) (@Rat.instOfNat (nat_lit 1)))))
      (Not
        (Or (@Eq.{1} Bool b2 Bool.true)
          (Or (@Eq.{1} Bool b3 Bool.true) (Or (@Eq.{1} Bool b4 Bool.true) (@Eq.{1} Bool b5 Bool.true))))))
  (@Bool.instDecidableForallOfDecidablePred
    (fun (b2 : Bool) =>
      ∀ (b3 b4 b5 : Bool),
        Or
          (Not
            (@Eq.{1} Rat
              (@HAdd.hAdd.{0, 0, 0} Rat Rat Rat (@instHAdd.{0} Rat Rat.instAdd)
                (@HAdd.hAdd.{0, 0, 0} Rat Rat Rat (@instHAdd.{0} Rat Rat.instAdd)
                  (@HAdd.hAdd.{0, 0, 0} Rat Rat Rat (@instHAdd.{0} Rat Rat.instAdd)
                    (@HMul.hMul.{0, 0, 0} Rat Rat Rat (@instHMul.{0} Rat Rat.instMul)
                      (@HDiv.hDiv.{0, 0, 0} Rat Rat Rat (@instHDiv.{0} Rat Rat.instDiv)
                        (@OfNat.ofNat.{0} Rat (nat_lit 1) (@Rat.instOfNat (nat_lit 1)))
                        (@OfNat.ofNat.{0} Rat (nat_lit 2) (@Rat.instOfNat (nat_lit 2))))
                      (@ite.{1} Rat (@Eq.{1} Bool b2 Bool.true) (instDecidableEqBool b2 Bool.true)
                        (@OfNat.ofNat.{0} Rat (nat_lit 1) (@Rat.instOfNat (nat_lit 1)))
                        (@OfNat.ofNat.{0} Rat (nat_lit 0) (@Rat.instOfNat (nat_lit 0)))))
                    (@HMul.hMul.{0, 0, 0} Rat Rat Rat (@instHMul.{0} Rat Rat.instMul)
                      (@HDiv.hDiv.{0, 0, 0} Rat Rat Rat (@instHDiv.{0} Rat Rat.instDiv)
                        (@OfNat.ofNat.{0} Rat (nat_lit 1) (@Rat.instOfNat (nat_lit 1)))
                        (@OfNat.ofNat.{0} Rat (nat_lit 3) (@Rat.instOfNat (nat_lit 3))))
                      (@ite.{1} Rat (@Eq.{1} Bool b3 Bool.true) (instDecidableEqBool b3 Bool.true)
                        (@OfNat.ofNat.{0} Rat (nat_lit 1) (@Rat.instOfNat (nat_lit 1)))
                        (@OfNat.ofNat.{0} Rat (nat_lit 0) (@Rat.instOfNat (nat_lit 0))))))
                  (@HMul.hMul.{0, 0, 0} Rat Rat Rat (@instHMul.{0} Rat Rat.instMul)
                    (@HDiv.hDiv.{0, 0, 0} Rat Rat Rat (@instHDiv.{0} Rat Rat.instDiv)
                      (@OfNat.ofNat.{0} Rat (nat_lit 1) (@Rat.instOfNat (nat_lit 1)))
                      (@OfNat.ofNat.{0} Rat (nat_lit 4) (@Rat.instOfNat (nat_lit 4))))
                    (@ite.{1} Rat (@Eq.{1} Bool b4 Bool.true) (instDecidableEqBool b4 Bool.true)
                      (@OfNat.ofNat.{0} Rat (nat_lit 1) (@Rat.instOfNat (nat_lit 1)))
                      (@OfNat.ofNat.{0} Rat (nat_lit 0) (@Rat.instOfNat (nat_lit 0))))))
                (@HMul.hMul.{0, 0, 0} Rat Rat Rat (@instHMul.{0} Rat Rat.instMul)
                  (@HDiv.hDiv.{0, 0, 0} Rat Rat Rat (@instHDiv.{0} Rat Rat.instDiv)
                    (@OfNat.ofNat.{0} Rat (nat_lit 1) (@Rat.instOfNat (nat_lit 1)))
                    (@OfNat.ofNat.{0} Rat (nat_lit 5) (@Rat.instOfNat (nat_lit 5))))
                  (@ite.{1} Rat (@Eq.{1} Bool b5 Bool.true) (instDecidableEqBool b5 Bool.true)
                    (@OfNat.ofNat.{0} Rat (nat_lit 1) (@Rat.instOfNat (nat_lit 1)))
                    (@OfNat.ofNat.{0} Rat (nat_lit 0) (@Rat.instOfNat (nat_lit 0))))))
              (@OfNat.ofNat.{0} Rat (nat_lit 1) (@Rat.instOfNat (nat_lit 1)))))
          (Not
            (Or (@Eq.{1} Bool b2 Bool.true)
              (Or (@Eq.{1} Bool b3 Bool.true) (Or (@Eq.{1} Bool b4 Bool.true) (@Eq.{1} Bool b5 Bool.true))))))
    fun (a : Bool) =>
    @Bool.instDecidableForallOfDecidablePred
      (fun (b3 : Bool) =>
        ∀ (b4 b5 : Bool),
          Or
            (Not
              (@Eq.{1} Rat
                (@HAdd.hAdd.{0, 0, 0} Rat Rat Rat (@instHAdd.{0} Rat Rat.instAdd)
                  (@HAdd.hAdd.{0, 0, 0} Rat Rat Rat (@instHAdd.{0} Rat Rat.instAdd)
                    (@HAdd.hAdd.{0, 0, 0} Rat Rat Rat (@instHAdd.{0} Rat Rat.instAdd)
                      (@HMul.hMul.{0, 0, 0} Rat Rat Rat (@instHMul.{0} Rat Rat.instMul)
                        (@HDiv.hDiv.{0, 0, 0} Rat Rat Rat (@instHDiv.{0} Rat Rat.instDiv)
                          (@OfNat.ofNat.{0} Rat (nat_lit 1) (@Rat.instOfNat (nat_lit 1)))
                          (@OfNat.ofNat.{0} Rat (nat_lit 2) (@Rat.instOfNat (nat_lit 2))))
                        (@ite.{1} Rat (@Eq.{1} Bool a Bool.true) (instDecidableEqBool a Bool.true)
                          (@OfNat.ofNat.{0} Rat (nat_lit 1) (@Rat.instOfNat (nat_lit 1)))
                          (@OfNat.ofNat.{0} Rat (nat_lit 0) (@Rat.instOfNat (nat_lit 0)))))
                      (@HMul.hMul.{0, 0, 0} Rat Rat Rat (@instHMul.{0} Rat Rat.instMul)
                        (@HDiv.hDiv.{0, 0, 0} Rat Rat Rat (@instHDiv.{0} Rat Rat.instDiv)
                          (@OfNat.ofNat.{0} Rat (nat_lit 1) (@Rat.instOfNat (nat_lit 1)))
                          (@OfNat.ofNat.{0} Rat (nat_lit 3) (@Rat.instOfNat (nat_lit 3))))
                        (@ite.{1} Rat (@Eq.{1} Bool b3 Bool.true) (instDecidableEqBool b3 Bool.true)
                          (@OfNat.ofNat.{0} Rat (nat_lit 1) (@Rat.instOfNat (nat_lit 1)))
                          (@OfNat.ofNat.{0} Rat (nat_lit 0) (@Rat.instOfNat (nat_lit 0))))))
                    (@HMul.hMul.{0, 0, 0} Rat Rat Rat (@instHMul.{0} Rat Rat.instMul)
                      (@HDiv.hDiv.{0, 0, 0} Rat Rat Rat (@instHDiv.{0} Rat Rat.instDiv)
                        (@OfNat.ofNat.{0} Rat (nat_lit 1) (@Rat.instOfNat (nat_lit 1)))
                        (@OfNat.ofNat.{0} Rat (nat_lit 4) (@Rat.instOfNat (nat_lit 4))))
                      (@ite.{1} Rat (@Eq.{1} Bool b4 Bool.true) (instDecidableEqBool b4 Bool.true)
                        (@OfNat.ofNat.{0} Rat (nat_lit 1) (@Rat.instOfNat (nat_lit 1)))
                        (@OfNat.ofNat.{0} Rat (nat_lit 0) (@Rat.instOfNat (nat_lit 0))))))
                  (@HMul.hMul.{0, 0, 0} Rat Rat Rat (@instHMul.{0} Rat Rat.instMul)
                    (@HDiv.hDiv.{0, 0, 0} Rat Rat Rat (@instHDiv.{0} Rat Rat.instDiv)
                      (@OfNat.ofNat.{0} Rat (nat_lit 1) (@Rat.instOfNat (nat_lit 1)))
                      (@OfNat.ofNat.{0} Rat (nat_lit 5) (@Rat.instOfNat (nat_lit 5))))
                    (@ite.{1} Rat (@Eq.{1} Bool b5 Bool.true) (instDecidableEqBool b5 Bool.true)
                      (@OfNat.ofNat.{0} Rat (nat_lit 1) (@Rat.instOfNat (nat_lit 1)))
                      (@OfNat.ofNat.{0} Rat (nat_lit 0) (@Rat.instOfNat (nat_lit 0))))))
                (@OfNat.ofNat.{0} Rat (nat_lit 1) (@Rat.instOfNat (nat_lit 1)))))
            (Not
              (Or (@Eq.{1} Bool a Bool.true)
                (Or (@Eq.{1} Bool b3 Bool.true) (Or (@Eq.{1} Bool b4 Bool.true) (@Eq.{1} Bool b5 Bool.true))))))
      fun (a_1 : Bool) =>
      @Bool.instDecidableForallOfDecidablePred
        (fun (b4 : Bool) =>
          ∀ (b5 : Bool),
            Or
              (Not
                (@Eq.{1} Rat
                  (@HAdd.hAdd.{0, 0, 0} Rat Rat Rat (@instHAdd.{0} Rat Rat.instAdd)
                    (@HAdd.hAdd.{0, 0, 0} Rat Rat Rat (@instHAdd.{0} Rat Rat.instAdd)
                      (@HAdd.hAdd.{0, 0, 0} Rat Rat Rat (@instHAdd.{0} Rat Rat.instAdd)
                        (@HMul.hMul.{0, 0, 0} Rat Rat Rat (@instHMul.{0} Rat Rat.instMul)
                          (@HDiv.hDiv.{0, 0, 0} Rat Rat Rat (@instHDiv.{0} Rat Rat.instDiv)
                            (@OfNat.ofNat.{0} Rat (nat_lit 1) (@Rat.instOfNat (nat_lit 1)))
                            (@OfNat.ofNat.{0} Rat (nat_lit 2) (@Rat.instOfNat (nat_lit 2))))
                          (@ite.{1} Rat (@Eq.{1} Bool a Bool.true) (instDecidableEqBool a Bool.true)
                            (@OfNat.ofNat.{0} Rat (nat_lit 1) (@Rat.instOfNat (nat_lit 1)))
                            (@OfNat.ofNat.{0} Rat (nat_lit 0) (@Rat.instOfNat (nat_lit 0)))))
                        (@HMul.hMul.{0, 0, 0} Rat Rat Rat (@instHMul.{0} Rat Rat.instMul)
                          (@HDiv.hDiv.{0, 0, 0} Rat Rat Rat (@instHDiv.{0} Rat Rat.instDiv)
                            (@OfNat.ofNat.{0} Rat (nat_lit 1) (@Rat.instOfNat (nat_lit 1)))
                            (@OfNat.ofNat.{0} Rat (nat_lit 3) (@Rat.instOfNat (nat_lit 3))))
                          (@ite.{1} Rat (@Eq.{1} Bool a_1 Bool.true) (instDecidableEqBool a_1 Bool.true)
                            (@OfNat.ofNat.{0} Rat (nat_lit 1) (@Rat.instOfNat (nat_lit 1)))
                            (@OfNat.ofNat.{0} Rat (nat_lit 0) (@Rat.instOfNat (nat_lit 0))))))
                      (@HMul.hMul.{0, 0, 0} Rat Rat Rat (@instHMul.{0} Rat Rat.instMul)
                        (@HDiv.hDiv.{0, 0, 0} Rat Rat Rat (@instHDiv.{0} Rat Rat.instDiv)
                          (@OfNat.ofNat.{0} Rat (nat_lit 1) (@Rat.instOfNat (nat_lit 1)))
                          (@OfNat.ofNat.{0} Rat (nat_lit 4) (@Rat.instOfNat (nat_lit 4))))
                        (@ite.{1} Rat (@Eq.{1} Bool b4 Bool.true) (instDecidableEqBool b4 Bool.true)
                          (@OfNat.ofNat.{0} Rat (nat_lit 1) (@Rat.instOfNat (nat_lit 1)))
                          (@OfNat.ofNat.{0} Rat (nat_lit 0) (@Rat.instOfNat (nat_lit 0))))))
                    (@HMul.hMul.{0, 0, 0} Rat Rat Rat (@instHMul.{0} Rat Rat.instMul)
                      (@HDiv.hDiv.{0, 0, 0} Rat Rat Rat (@instHDiv.{0} Rat Rat.instDiv)
                        (@OfNat.ofNat.{0} Rat (nat_lit 1) (@Rat.instOfNat (nat_lit 1)))
                        (@OfNat.ofNat.{0} Rat (nat_lit 5) (@Rat.instOfNat (nat_lit 5))))
                      (@ite.{1} Rat (@Eq.{1} Bool b5 Bool.true) (instDecidableEqBool b5 Bool.true)
                        (@OfNat.ofNat.{0} Rat (nat_lit 1) (@Rat.instOfNat (nat_lit 1)))
                        (@OfNat.ofNat.{0} Rat (nat_lit 0) (@Rat.instOfNat (nat_lit 0))))))
                  (@OfNat.ofNat.{0} Rat (nat_lit 1) (@Rat.instOfNat (nat_lit 1)))))
              (Not
                (Or (@Eq.{1} Bool a Bool.true)
                  (Or (@Eq.{1} Bool a_1 Bool.true) (Or (@Eq.{1} Bool b4 Bool.true) (@Eq.{1} Bool b5 Bool.true))))))
        fun (a_2 : Bool) =>
        @Bool.instDecidableForallOfDecidablePred
          (fun (b5 : Bool) =>
            Or
              (Not
                (@Eq.{1} Rat
                  (@HAdd.hAdd.{0, 0, 0} Rat Rat Rat (@instHAdd.{0} Rat Rat.instAdd)
                    (@HAdd.hAdd.{0, 0, 0} Rat Rat Rat (@instHAdd.{0} Rat Rat.instAdd)
                      (@HAdd.hAdd.{0, 0, 0} Rat Rat Rat (@instHAdd.{0} Rat Rat.instAdd)
                        (@HMul.hMul.{0, 0, 0} Rat Rat Rat (@instHMul.{0} Rat Rat.instMul)
                          (@HDiv.hDiv.{0, 0, 0} Rat Rat Rat (@instHDiv.{0} Rat Rat.instDiv)
                            (@OfNat.ofNat.{0} Rat (nat_lit 1) (@Rat.instOfNat (nat_lit 1)))
                            (@OfNat.ofNat.{0} Rat (nat_lit 2) (@Rat.instOfNat (nat_lit 2))))
                          (@ite.{1} Rat (@Eq.{1} Bool a Bool.true) (instDecidableEqBool a Bool.true)
                            (@OfNat.ofNat.{0} Rat (nat_lit 1) (@Rat.instOfNat (nat_lit 1)))
                            (@OfNat.ofNat.{0} Rat (nat_lit 0) (@Rat.instOfNat (nat_lit 0)))))
                        (@HMul.hMul.{0, 0, 0} Rat Rat Rat (@instHMul.{0} Rat Rat.instMul)
                          (@HDiv.hDiv.{0, 0, 0} Rat Rat Rat (@instHDiv.{0} Rat Rat.instDiv)
                            (@OfNat.ofNat.{0} Rat (nat_lit 1) (@Rat.instOfNat (nat_lit 1)))
                            (@OfNat.ofNat.{0} Rat (nat_lit 3) (@Rat.instOfNat (nat_lit 3))))
                          (@ite.{1} Rat (@Eq.{1} Bool a_1 Bool.true) (instDecidableEqBool a_1 Bool.true)
                            (@OfNat.ofNat.{0} Rat (nat_lit 1) (@Rat.instOfNat (nat_lit 1)))
                            (@OfNat.ofNat.{0} Rat (nat_lit 0) (@Rat.instOfNat (nat_lit 0))))))
                      (@HMul.hMul.{0, 0, 0} Rat Rat Rat (@instHMul.{0} Rat Rat.instMul)
                        (@HDiv.hDiv.{0, 0, 0} Rat Rat Rat (@instHDiv.{0} Rat Rat.instDiv)
                          (@OfNat.ofNat.{0} Rat (nat_lit 1) (@Rat.instOfNat (nat_lit 1)))
                          (@OfNat.ofNat.{0} Rat (nat_lit 4) (@Rat.instOfNat (nat_lit 4))))
                        (@ite.{1} Rat (@Eq.{1} Bool a_2 Bool.true) (instDecidableEqBool a_2 Bool.true)
                          (@OfNat.ofNat.{0} Rat (nat_lit 1) (@Rat.instOfNat (nat_lit 1)))
                          (@OfNat.ofNat.{0} Rat (nat_lit 0) (@Rat.instOfNat (nat_lit 0))))))
                    (@HMul.hMul.{0, 0, 0} Rat Rat Rat (@instHMul.{0} Rat Rat.instMul)
                      (@HDiv.hDiv.{0, 0, 0} Rat Rat Rat (@instHDiv.{0} Rat Rat.instDiv)
                        (@OfNat.ofNat.{0} Rat (nat_lit 1) (@Rat.instOfNat (nat_lit 1)))
                        (@OfNat.ofNat.{0} Rat (nat_lit 5) (@Rat.instOfNat (nat_lit 5))))
                      (@ite.{1} Rat (@Eq.{1} Bool b5 Bool.true) (instDecidableEqBool b5 Bool.true)
                        (@OfNat.ofNat.{0} Rat (nat_lit 1) (@Rat.instOfNat (nat_lit 1)))
                        (@OfNat.ofNat.{0} Rat (nat_lit 0) (@Rat.instOfNat (nat_lit 0))))))
                  (@OfNat.ofNat.{0} Rat (nat_lit 1) (@Rat.instOfNat (nat_lit 1)))))
              (Not
                (Or (@Eq.{1} Bool a Bool.true)
                  (Or (@Eq.{1} Bool a_1 Bool.true) (Or (@Eq.{1} Bool a_2 Bool.true) (@Eq.{1} Bool b5 Bool.true))))))
          fun (a_3 : Bool) =>
          @instDecidableOr
            (Not
              (@Eq.{1} Rat
                (@HAdd.hAdd.{0, 0, 0} Rat Rat Rat (@instHAdd.{0} Rat Rat.instAdd)
                  (@HAdd.hAdd.{0, 0, 0} Rat Rat Rat (@instHAdd.{0} Rat Rat.instAdd)
                    (@HAdd.hAdd.{0, 0, 0} Rat Rat Rat (@instHAdd.{0} Rat Rat.instAdd)
                      (@HMul.hMul.{0, 0, 0} Rat Rat Rat (@instHMul.{0} Rat Rat.instMul)
                        (@HDiv.hDiv.{0, 0, 0} Rat Rat Rat (@instHDiv.{0} Rat Rat.instDiv)
                          (@OfNat.ofNat.{0} Rat (nat_lit 1) (@Rat.instOfNat (nat_lit 1)))
                          (@OfNat.ofNat.{0} Rat (nat_lit 2) (@Rat.instOfNat (nat_lit 2))))
                        (@ite.{1} Rat (@Eq.{1} Bool a Bool.true) (instDecidableEqBool a Bool.true)
                          (@OfNat.ofNat.{0} Rat (nat_lit 1) (@Rat.instOfNat (nat_lit 1)))
                          (@OfNat.ofNat.{0} Rat (nat_lit 0) (@Rat.instOfNat (nat_lit 0)))))
                      (@HMul.hMul.{0, 0, 0} Rat Rat Rat (@instHMul.{0} Rat Rat.instMul)
                        (@HDiv.hDiv.{0, 0, 0} Rat Rat Rat (@instHDiv.{0} Rat Rat.instDiv)
                          (@OfNat.ofNat.{0} Rat (nat_lit 1) (@Rat.instOfNat (nat_lit 1)))
                          (@OfNat.ofNat.{0} Rat (nat_lit 3) (@Rat.instOfNat (nat_lit 3))))
                        (@ite.{1} Rat (@Eq.{1} Bool a_1 Bool.true) (instDecidableEqBool a_1 Bool.true)
                          (@OfNat.ofNat.{0} Rat (nat_lit 1) (@Rat.instOfNat (nat_lit 1)))
                          (@OfNat.ofNat.{0} Rat (nat_lit 0) (@Rat.instOfNat (nat_lit 0))))))
                    (@HMul.hMul.{0, 0, 0} Rat Rat Rat (@instHMul.{0} Rat Rat.instMul)
                      (@HDiv.hDiv.{0, 0, 0} Rat Rat Rat (@instHDiv.{0} Rat Rat.instDiv)
                        (@OfNat.ofNat.{0} Rat (nat_lit 1) (@Rat.instOfNat (nat_lit 1)))
                        (@OfNat.ofNat.{0} Rat (nat_lit 4) (@Rat.instOfNat (nat_lit 4))))
                      (@ite.{1} Rat (@Eq.{1} Bool a_2 Bool.true) (instDecidableEqBool a_2 Bool.true)
                        (@OfNat.ofNat.{0} Rat (nat_lit 1) (@Rat.instOfNat (nat_lit 1)))
                        (@OfNat.ofNat.{0} Rat (nat_lit 0) (@Rat.instOfNat (nat_lit 0))))))
                  (@HMul.hMul.{0, 0, 0} Rat Rat Rat (@instHMul.{0} Rat Rat.instMul)
                    (@HDiv.hDiv.{0, 0, 0} Rat Rat Rat (@instHDiv.{0} Rat Rat.instDiv)
                      (@OfNat.ofNat.{0} Rat (nat_lit 1) (@Rat.instOfNat (nat_lit 1)))
                      (@OfNat.ofNat.{0} Rat (nat_lit 5) (@Rat.instOfNat (nat_lit 5))))
                    (@ite.{1} Rat (@Eq.{1} Bool a_3 Bool.true) (instDecidableEqBool a_3 Bool.true)
                      (@OfNat.ofNat.{0} Rat (nat_lit 1) (@Rat.instOfNat (nat_lit 1)))
                      (@OfNat.ofNat.{0} Rat (nat_lit 0) (@Rat.instOfNat (nat_lit 0))))))
                (@OfNat.ofNat.{0} Rat (nat_lit 1) (@Rat.instOfNat (nat_lit 1)))))
            (Not
              (Or (@Eq.{1} Bool a Bool.true)
                (Or (@Eq.{1} Bool a_1 Bool.true) (Or (@Eq.{1} Bool a_2 Bool.true) (@Eq.{1} Bool a_3 Bool.true)))))
            (@instDecidableNot
              (@Eq.{1} Rat
                (@HAdd.hAdd.{0, 0, 0} Rat Rat Rat (@instHAdd.{0} Rat Rat.instAdd)
                  (@HAdd.hAdd.{0, 0, 0} Rat Rat Rat (@instHAdd.{0} Rat Rat.instAdd)
                    (@HAdd.hAdd.{0, 0, 0} Rat Rat Rat (@instHAdd.{0} Rat Rat.instAdd)
                      (@HMul.hMul.{0, 0, 0} Rat Rat Rat (@instHMul.{0} Rat Rat.instMul)
                        (@HDiv.hDiv.{0, 0, 0} Rat Rat Rat (@instHDiv.{0} Rat Rat.instDiv)
                          (@OfNat.ofNat.{0} Rat (nat_lit 1) (@Rat.instOfNat (nat_lit 1)))
                          (@OfNat.ofNat.{0} Rat (nat_lit 2) (@Rat.instOfNat (nat_lit 2))))
                        (@ite.{1} Rat (@Eq.{1} Bool a Bool.true) (instDecidableEqBool a Bool.true)
                          (@OfNat.ofNat.{0} Rat (nat_lit 1) (@Rat.instOfNat (nat_lit 1)))
                          (@OfNat.ofNat.{0} Rat (nat_lit 0) (@Rat.instOfNat (nat_lit 0)))))
                      (@HMul.hMul.{0, 0, 0} Rat Rat Rat (@instHMul.{0} Rat Rat.instMul)
                        (@HDiv.hDiv.{0, 0, 0} Rat Rat Rat (@instHDiv.{0} Rat Rat.instDiv)
                          (@OfNat.ofNat.{0} Rat (nat_lit 1) (@Rat.instOfNat (nat_lit 1)))
                          (@OfNat.ofNat.{0} Rat (nat_lit 3) (@Rat.instOfNat (nat_lit 3))))
                        (@ite.{1} Rat (@Eq.{1} Bool a_1 Bool.true) (instDecidableEqBool a_1 Bool.true)
                          (@OfNat.ofNat.{0} Rat (nat_lit 1) (@Rat.instOfNat (nat_lit 1)))
                          (@OfNat.ofNat.{0} Rat (nat_lit 0) (@Rat.instOfNat (nat_lit 0))))))
                    (@HMul.hMul.{0, 0, 0} Rat Rat Rat (@instHMul.{0} Rat Rat.instMul)
                      (@HDiv.hDiv.{0, 0, 0} Rat Rat Rat (@instHDiv.{0} Rat Rat.instDiv)
                        (@OfNat.ofNat.{0} Rat (nat_lit 1) (@Rat.instOfNat (nat_lit 1)))
                        (@OfNat.ofNat.{0} Rat (nat_lit 4) (@Rat.instOfNat (nat_lit 4))))
                      (@ite.{1} Rat (@Eq.{1} Bool a_2 Bool.true) (instDecidableEqBool a_2 Bool.true)
                        (@OfNat.ofNat.{0} Rat (nat_lit 1) (@Rat.instOfNat (nat_lit 1)))
                        (@OfNat.ofNat.{0} Rat (nat_lit 0) (@Rat.instOfNat (nat_lit 0))))))
                  (@HMul.hMul.{0, 0, 0} Rat Rat Rat (@instHMul.{0} Rat Rat.instMul)
                    (@HDiv.hDiv.{0, 0, 0} Rat Rat Rat (@instHDiv.{0} Rat Rat.instDiv)
                      (@OfNat.ofNat.{0} Rat (nat_lit 1) (@Rat.instOfNat (nat_lit 1)))
                      (@OfNat.ofNat.{0} Rat (nat_lit 5) (@Rat.instOfNat (nat_lit 5))))
                    (@ite.{1} Rat (@Eq.{1} Bool a_3 Bool.true) (instDecidableEqBool a_3 Bool.true)
                      (@OfNat.ofNat.{0} Rat (nat_lit 1) (@Rat.instOfNat (nat_lit 1)))
                      (@OfNat.ofNat.{0} Rat (nat_lit 0) (@Rat.instOfNat (nat_lit 0))))))
                (@OfNat.ofNat.{0} Rat (nat_lit 1) (@Rat.instOfNat (nat_lit 1))))
              (instDecidableEqRat
                (@HAdd.hAdd.{0, 0, 0} Rat Rat Rat (@instHAdd.{0} Rat Rat.instAdd)
                  (@HAdd.hAdd.{0, 0, 0} Rat Rat Rat (@instHAdd.{0} Rat Rat.instAdd)
                    (@HAdd.hAdd.{0, 0, 0} Rat Rat Rat (@instHAdd.{0} Rat Rat.instAdd)
                      (@HMul.hMul.{0, 0, 0} Rat Rat Rat (@instHMul.{0} Rat Rat.instMul)
                        (@HDiv.hDiv.{0, 0, 0} Rat Rat Rat (@instHDiv.{0} Rat Rat.instDiv)
                          (@OfNat.ofNat.{0} Rat (nat_lit 1) (@Rat.instOfNat (nat_lit 1)))
                          (@OfNat.ofNat.{0} Rat (nat_lit 2) (@Rat.instOfNat (nat_lit 2))))
                        (@ite.{1} Rat (@Eq.{1} Bool a Bool.true) (instDecidableEqBool a Bool.true)
                          (@OfNat.ofNat.{0} Rat (nat_lit 1) (@Rat.instOfNat (nat_lit 1)))
                          (@OfNat.ofNat.{0} Rat (nat_lit 0) (@Rat.instOfNat (nat_lit 0)))))
                      (@HMul.hMul.{0, 0, 0} Rat Rat Rat (@instHMul.{0} Rat Rat.instMul)
                        (@HDiv.hDiv.{0, 0, 0} Rat Rat Rat (@instHDiv.{0} Rat Rat.instDiv)
                          (@OfNat.ofNat.{0} Rat (nat_lit 1) (@Rat.instOfNat (nat_lit 1)))
                          (@OfNat.ofNat.{0} Rat (nat_lit 3) (@Rat.instOfNat (nat_lit 3))))
                        (@ite.{1} Rat (@Eq.{1} Bool a_1 Bool.true) (instDecidableEqBool a_1 Bool.true)
                          (@OfNat.ofNat.{0} Rat (nat_lit 1) (@Rat.instOfNat (nat_lit 1)))
                          (@OfNat.ofNat.{0} Rat (nat_lit 0) (@Rat.instOfNat (nat_lit 0))))))
                    (@HMul.hMul.{0, 0, 0} Rat Rat Rat (@instHMul.{0} Rat Rat.instMul)
                      (@HDiv.hDiv.{0, 0, 0} Rat Rat Rat (@instHDiv.{0} Rat Rat.instDiv)
                        (@OfNat.ofNat.{0} Rat (nat_lit 1) (@Rat.instOfNat (nat_lit 1)))
                        (@OfNat.ofNat.{0} Rat (nat_lit 4) (@Rat.instOfNat (nat_lit 4))))
                      (@ite.{1} Rat (@Eq.{1} Bool a_2 Bool.true) (instDecidableEqBool a_2 Bool.true)
                        (@OfNat.ofNat.{0} Rat (nat_lit 1) (@Rat.instOfNat (nat_lit 1)))
                        (@OfNat.ofNat.{0} Rat (nat_lit 0) (@Rat.instOfNat (nat_lit 0))))))
                  (@HMul.hMul.{0, 0, 0} Rat Rat Rat (@instHMul.{0} Rat Rat.instMul)
                    (@HDiv.hDiv.{0, 0, 0} Rat Rat Rat (@instHDiv.{0} Rat Rat.instDiv)
                      (@OfNat.ofNat.{0} Rat (nat_lit 1) (@Rat.instOfNat (nat_lit 1)))
                      (@OfNat.ofNat.{0} Rat (nat_lit 5) (@Rat.instOfNat (nat_lit 5))))
                    (@ite.{1} Rat (@Eq.{1} Bool a_3 Bool.true) (instDecidableEqBool a_3 Bool.true)
                      (@OfNat.ofNat.{0} Rat (nat_lit 1) (@Rat.instOfNat (nat_lit 1)))
                      (@OfNat.ofNat.{0} Rat (nat_lit 0) (@Rat.instOfNat (nat_lit 0))))))
                (@OfNat.ofNat.{0} Rat (nat_lit 1) (@Rat.instOfNat (nat_lit 1)))))
            (@instDecidableNot
              (Or (@Eq.{1} Bool a Bool.true)
                (Or (@Eq.{1} Bool a_1 Bool.true) (Or (@Eq.{1} Bool a_2 Bool.true) (@Eq.{1} Bool a_3 Bool.true))))
              (@instDecidableOr (@Eq.{1} Bool a Bool.true)
                (Or (@Eq.{1} Bool a_1 Bool.true) (Or (@Eq.{1} Bool a_2 Bool.true) (@Eq.{1} Bool a_3 Bool.true)))
                ((fun (a : Bool) => instDecidableEqBool a Bool.true) a)
                (@instDecidableOr (@Eq.{1} Bool a_1 Bool.true)
                  (Or (@Eq.{1} Bool a_2 Bool.true) (@Eq.{1} Bool a_3 Bool.true))
                  ((fun (a : Bool) => instDecidableEqBool a Bool.true) a_1)
                  (@instDecidableOr (@Eq.{1} Bool a_2 Bool.true) (@Eq.{1} Bool a_3 Bool.true)
                    ((fun (a : Bool) => instDecidableEqBool a Bool.true) a_2) (instDecidableEqBool a_3 Bool.true))))))
  JSP000243.interval_2_5_none._native.native_decide.ax_1_1
'JSP000243.interval_2_5_none' depends on axioms: [propext,
 Classical.choice,
 Quot.sound,
 JSP000243.interval_2_5_none._native.native_decide.ax_1_1]
