JSP000243.totals_below_one : And
  (@LT.lt.{0} Nat instLTNat
    (@HAdd.hAdd.{0, 0, 0} Nat Nat Nat (@instHAdd.{0} Nat instAddNat)
      (@HAdd.hAdd.{0, 0, 0} Nat Nat Nat (@instHAdd.{0} Nat instAddNat)
        (@HAdd.hAdd.{0, 0, 0} Nat Nat Nat (@instHAdd.{0} Nat instAddNat)
          (@HDiv.hDiv.{0, 0, 0} Nat Nat Nat (@instHDiv.{0} Nat Nat.instDiv)
            (@OfNat.ofNat.{0} Nat (nat_lit 1) (instOfNatNat (nat_lit 1)))
            (@OfNat.ofNat.{0} Nat (nat_lit 4) (instOfNatNat (nat_lit 4))))
          (@HDiv.hDiv.{0, 0, 0} Nat Nat Nat (@instHDiv.{0} Nat Nat.instDiv)
            (@OfNat.ofNat.{0} Nat (nat_lit 1) (instOfNatNat (nat_lit 1)))
            (@OfNat.ofNat.{0} Nat (nat_lit 5) (instOfNatNat (nat_lit 5)))))
        (@HDiv.hDiv.{0, 0, 0} Nat Nat Nat (@instHDiv.{0} Nat Nat.instDiv)
          (@OfNat.ofNat.{0} Nat (nat_lit 1) (instOfNatNat (nat_lit 1)))
          (@OfNat.ofNat.{0} Nat (nat_lit 6) (instOfNatNat (nat_lit 6)))))
      (@HDiv.hDiv.{0, 0, 0} Nat Nat Nat (@instHDiv.{0} Nat Nat.instDiv)
        (@OfNat.ofNat.{0} Nat (nat_lit 1) (instOfNatNat (nat_lit 1)))
        (@OfNat.ofNat.{0} Nat (nat_lit 7) (instOfNatNat (nat_lit 7)))))
    (@OfNat.ofNat.{0} Nat (nat_lit 1) (instOfNatNat (nat_lit 1))))
  (And
    (@LT.lt.{0} Nat instLTNat
      (@HAdd.hAdd.{0, 0, 0} Nat Nat Nat (@instHAdd.{0} Nat instAddNat)
        (@HAdd.hAdd.{0, 0, 0} Nat Nat Nat (@instHAdd.{0} Nat instAddNat)
          (@HAdd.hAdd.{0, 0, 0} Nat Nat Nat (@instHAdd.{0} Nat instAddNat)
            (@HDiv.hDiv.{0, 0, 0} Nat Nat Nat (@instHDiv.{0} Nat Nat.instDiv)
              (@OfNat.ofNat.{0} Nat (nat_lit 1) (instOfNatNat (nat_lit 1)))
              (@OfNat.ofNat.{0} Nat (nat_lit 5) (instOfNatNat (nat_lit 5))))
            (@HDiv.hDiv.{0, 0, 0} Nat Nat Nat (@instHDiv.{0} Nat Nat.instDiv)
              (@OfNat.ofNat.{0} Nat (nat_lit 1) (instOfNatNat (nat_lit 1)))
              (@OfNat.ofNat.{0} Nat (nat_lit 6) (instOfNatNat (nat_lit 6)))))
          (@HDiv.hDiv.{0, 0, 0} Nat Nat Nat (@instHDiv.{0} Nat Nat.instDiv)
            (@OfNat.ofNat.{0} Nat (nat_lit 1) (instOfNatNat (nat_lit 1)))
            (@OfNat.ofNat.{0} Nat (nat_lit 7) (instOfNatNat (nat_lit 7)))))
        (@HDiv.hDiv.{0, 0, 0} Nat Nat Nat (@instHDiv.{0} Nat Nat.instDiv)
          (@OfNat.ofNat.{0} Nat (nat_lit 1) (instOfNatNat (nat_lit 1)))
          (@OfNat.ofNat.{0} Nat (nat_lit 8) (instOfNatNat (nat_lit 8)))))
      (@OfNat.ofNat.{0} Nat (nat_lit 1) (instOfNatNat (nat_lit 1))))
    (And
      (@LT.lt.{0} Nat instLTNat
        (@HAdd.hAdd.{0, 0, 0} Nat Nat Nat (@instHAdd.{0} Nat instAddNat)
          (@HAdd.hAdd.{0, 0, 0} Nat Nat Nat (@instHAdd.{0} Nat instAddNat)
            (@HAdd.hAdd.{0, 0, 0} Nat Nat Nat (@instHAdd.{0} Nat instAddNat)
              (@HDiv.hDiv.{0, 0, 0} Nat Nat Nat (@instHDiv.{0} Nat Nat.instDiv)
                (@OfNat.ofNat.{0} Nat (nat_lit 1) (instOfNatNat (nat_lit 1)))
                (@OfNat.ofNat.{0} Nat (nat_lit 6) (instOfNatNat (nat_lit 6))))
              (@HDiv.hDiv.{0, 0, 0} Nat Nat Nat (@instHDiv.{0} Nat Nat.instDiv)
                (@OfNat.ofNat.{0} Nat (nat_lit 1) (instOfNatNat (nat_lit 1)))
                (@OfNat.ofNat.{0} Nat (nat_lit 7) (instOfNatNat (nat_lit 7)))))
            (@HDiv.hDiv.{0, 0, 0} Nat Nat Nat (@instHDiv.{0} Nat Nat.instDiv)
              (@OfNat.ofNat.{0} Nat (nat_lit 1) (instOfNatNat (nat_lit 1)))
              (@OfNat.ofNat.{0} Nat (nat_lit 8) (instOfNatNat (nat_lit 8)))))
          (@HDiv.hDiv.{0, 0, 0} Nat Nat Nat (@instHDiv.{0} Nat Nat.instDiv)
            (@OfNat.ofNat.{0} Nat (nat_lit 1) (instOfNatNat (nat_lit 1)))
            (@OfNat.ofNat.{0} Nat (nat_lit 9) (instOfNatNat (nat_lit 9)))))
        (@OfNat.ofNat.{0} Nat (nat_lit 1) (instOfNatNat (nat_lit 1))))
      (@LT.lt.{0} Nat instLTNat
        (@HAdd.hAdd.{0, 0, 0} Nat Nat Nat (@instHAdd.{0} Nat instAddNat)
          (@HAdd.hAdd.{0, 0, 0} Nat Nat Nat (@instHAdd.{0} Nat instAddNat)
            (@HAdd.hAdd.{0, 0, 0} Nat Nat Nat (@instHAdd.{0} Nat instAddNat)
              (@HDiv.hDiv.{0, 0, 0} Nat Nat Nat (@instHDiv.{0} Nat Nat.instDiv)
                (@OfNat.ofNat.{0} Nat (nat_lit 1) (instOfNatNat (nat_lit 1)))
                (@OfNat.ofNat.{0} Nat (nat_lit 7) (instOfNatNat (nat_lit 7))))
              (@HDiv.hDiv.{0, 0, 0} Nat Nat Nat (@instHDiv.{0} Nat Nat.instDiv)
                (@OfNat.ofNat.{0} Nat (nat_lit 1) (instOfNatNat (nat_lit 1)))
                (@OfNat.ofNat.{0} Nat (nat_lit 8) (instOfNatNat (nat_lit 8)))))
            (@HDiv.hDiv.{0, 0, 0} Nat Nat Nat (@instHDiv.{0} Nat Nat.instDiv)
              (@OfNat.ofNat.{0} Nat (nat_lit 1) (instOfNatNat (nat_lit 1)))
              (@OfNat.ofNat.{0} Nat (nat_lit 9) (instOfNatNat (nat_lit 9)))))
          (@HDiv.hDiv.{0, 0, 0} Nat Nat Nat (@instHDiv.{0} Nat Nat.instDiv)
            (@OfNat.ofNat.{0} Nat (nat_lit 1) (instOfNatNat (nat_lit 1)))
            (@OfNat.ofNat.{0} Nat (nat_lit 10) (instOfNatNat (nat_lit 10)))))
        (@OfNat.ofNat.{0} Nat (nat_lit 1) (instOfNatNat (nat_lit 1))))))
theorem JSP000243.totals_below_one : And
  (@LT.lt.{0} Nat instLTNat
    (@HAdd.hAdd.{0, 0, 0} Nat Nat Nat (@instHAdd.{0} Nat instAddNat)
      (@HAdd.hAdd.{0, 0, 0} Nat Nat Nat (@instHAdd.{0} Nat instAddNat)
        (@HAdd.hAdd.{0, 0, 0} Nat Nat Nat (@instHAdd.{0} Nat instAddNat)
          (@HDiv.hDiv.{0, 0, 0} Nat Nat Nat (@instHDiv.{0} Nat Nat.instDiv)
            (@OfNat.ofNat.{0} Nat (nat_lit 1) (instOfNatNat (nat_lit 1)))
            (@OfNat.ofNat.{0} Nat (nat_lit 4) (instOfNatNat (nat_lit 4))))
          (@HDiv.hDiv.{0, 0, 0} Nat Nat Nat (@instHDiv.{0} Nat Nat.instDiv)
            (@OfNat.ofNat.{0} Nat (nat_lit 1) (instOfNatNat (nat_lit 1)))
            (@OfNat.ofNat.{0} Nat (nat_lit 5) (instOfNatNat (nat_lit 5)))))
        (@HDiv.hDiv.{0, 0, 0} Nat Nat Nat (@instHDiv.{0} Nat Nat.instDiv)
          (@OfNat.ofNat.{0} Nat (nat_lit 1) (instOfNatNat (nat_lit 1)))
          (@OfNat.ofNat.{0} Nat (nat_lit 6) (instOfNatNat (nat_lit 6)))))
      (@HDiv.hDiv.{0, 0, 0} Nat Nat Nat (@instHDiv.{0} Nat Nat.instDiv)
        (@OfNat.ofNat.{0} Nat (nat_lit 1) (instOfNatNat (nat_lit 1)))
        (@OfNat.ofNat.{0} Nat (nat_lit 7) (instOfNatNat (nat_lit 7)))))
    (@OfNat.ofNat.{0} Nat (nat_lit 1) (instOfNatNat (nat_lit 1))))
  (And
    (@LT.lt.{0} Nat instLTNat
      (@HAdd.hAdd.{0, 0, 0} Nat Nat Nat (@instHAdd.{0} Nat instAddNat)
        (@HAdd.hAdd.{0, 0, 0} Nat Nat Nat (@instHAdd.{0} Nat instAddNat)
          (@HAdd.hAdd.{0, 0, 0} Nat Nat Nat (@instHAdd.{0} Nat instAddNat)
            (@HDiv.hDiv.{0, 0, 0} Nat Nat Nat (@instHDiv.{0} Nat Nat.instDiv)
              (@OfNat.ofNat.{0} Nat (nat_lit 1) (instOfNatNat (nat_lit 1)))
              (@OfNat.ofNat.{0} Nat (nat_lit 5) (instOfNatNat (nat_lit 5))))
            (@HDiv.hDiv.{0, 0, 0} Nat Nat Nat (@instHDiv.{0} Nat Nat.instDiv)
              (@OfNat.ofNat.{0} Nat (nat_lit 1) (instOfNatNat (nat_lit 1)))
              (@OfNat.ofNat.{0} Nat (nat_lit 6) (instOfNatNat (nat_lit 6)))))
          (@HDiv.hDiv.{0, 0, 0} Nat Nat Nat (@instHDiv.{0} Nat Nat.instDiv)
            (@OfNat.ofNat.{0} Nat (nat_lit 1) (instOfNatNat (nat_lit 1)))
            (@OfNat.ofNat.{0} Nat (nat_lit 7) (instOfNatNat (nat_lit 7)))))
        (@HDiv.hDiv.{0, 0, 0} Nat Nat Nat (@instHDiv.{0} Nat Nat.instDiv)
          (@OfNat.ofNat.{0} Nat (nat_lit 1) (instOfNatNat (nat_lit 1)))
          (@OfNat.ofNat.{0} Nat (nat_lit 8) (instOfNatNat (nat_lit 8)))))
      (@OfNat.ofNat.{0} Nat (nat_lit 1) (instOfNatNat (nat_lit 1))))
    (And
      (@LT.lt.{0} Nat instLTNat
        (@HAdd.hAdd.{0, 0, 0} Nat Nat Nat (@instHAdd.{0} Nat instAddNat)
          (@HAdd.hAdd.{0, 0, 0} Nat Nat Nat (@instHAdd.{0} Nat instAddNat)
            (@HAdd.hAdd.{0, 0, 0} Nat Nat Nat (@instHAdd.{0} Nat instAddNat)
              (@HDiv.hDiv.{0, 0, 0} Nat Nat Nat (@instHDiv.{0} Nat Nat.instDiv)
                (@OfNat.ofNat.{0} Nat (nat_lit 1) (instOfNatNat (nat_lit 1)))
                (@OfNat.ofNat.{0} Nat (nat_lit 6) (instOfNatNat (nat_lit 6))))
              (@HDiv.hDiv.{0, 0, 0} Nat Nat Nat (@instHDiv.{0} Nat Nat.instDiv)
                (@OfNat.ofNat.{0} Nat (nat_lit 1) (instOfNatNat (nat_lit 1)))
                (@OfNat.ofNat.{0} Nat (nat_lit 7) (instOfNatNat (nat_lit 7)))))
            (@HDiv.hDiv.{0, 0, 0} Nat Nat Nat (@instHDiv.{0} Nat Nat.instDiv)
              (@OfNat.ofNat.{0} Nat (nat_lit 1) (instOfNatNat (nat_lit 1)))
              (@OfNat.ofNat.{0} Nat (nat_lit 8) (instOfNatNat (nat_lit 8)))))
          (@HDiv.hDiv.{0, 0, 0} Nat Nat Nat (@instHDiv.{0} Nat Nat.instDiv)
            (@OfNat.ofNat.{0} Nat (nat_lit 1) (instOfNatNat (nat_lit 1)))
            (@OfNat.ofNat.{0} Nat (nat_lit 9) (instOfNatNat (nat_lit 9)))))
        (@OfNat.ofNat.{0} Nat (nat_lit 1) (instOfNatNat (nat_lit 1))))
      (@LT.lt.{0} Nat instLTNat
        (@HAdd.hAdd.{0, 0, 0} Nat Nat Nat (@instHAdd.{0} Nat instAddNat)
          (@HAdd.hAdd.{0, 0, 0} Nat Nat Nat (@instHAdd.{0} Nat instAddNat)
            (@HAdd.hAdd.{0, 0, 0} Nat Nat Nat (@instHAdd.{0} Nat instAddNat)
              (@HDiv.hDiv.{0, 0, 0} Nat Nat Nat (@instHDiv.{0} Nat Nat.instDiv)
                (@OfNat.ofNat.{0} Nat (nat_lit 1) (instOfNatNat (nat_lit 1)))
                (@OfNat.ofNat.{0} Nat (nat_lit 7) (instOfNatNat (nat_lit 7))))
              (@HDiv.hDiv.{0, 0, 0} Nat Nat Nat (@instHDiv.{0} Nat Nat.instDiv)
                (@OfNat.ofNat.{0} Nat (nat_lit 1) (instOfNatNat (nat_lit 1)))
                (@OfNat.ofNat.{0} Nat (nat_lit 8) (instOfNatNat (nat_lit 8)))))
            (@HDiv.hDiv.{0, 0, 0} Nat Nat Nat (@instHDiv.{0} Nat Nat.instDiv)
              (@OfNat.ofNat.{0} Nat (nat_lit 1) (instOfNatNat (nat_lit 1)))
              (@OfNat.ofNat.{0} Nat (nat_lit 9) (instOfNatNat (nat_lit 9)))))
          (@HDiv.hDiv.{0, 0, 0} Nat Nat Nat (@instHDiv.{0} Nat Nat.instDiv)
            (@OfNat.ofNat.{0} Nat (nat_lit 1) (instOfNatNat (nat_lit 1)))
            (@OfNat.ofNat.{0} Nat (nat_lit 10) (instOfNatNat (nat_lit 10)))))
        (@OfNat.ofNat.{0} Nat (nat_lit 1) (instOfNatNat (nat_lit 1)))))) :=
@of_decide_eq_true
  (And
    (@LT.lt.{0} Nat instLTNat
      (@HAdd.hAdd.{0, 0, 0} Nat Nat Nat (@instHAdd.{0} Nat instAddNat)
        (@HAdd.hAdd.{0, 0, 0} Nat Nat Nat (@instHAdd.{0} Nat instAddNat)
          (@HAdd.hAdd.{0, 0, 0} Nat Nat Nat (@instHAdd.{0} Nat instAddNat)
            (@HDiv.hDiv.{0, 0, 0} Nat Nat Nat (@instHDiv.{0} Nat Nat.instDiv)
              (@OfNat.ofNat.{0} Nat (nat_lit 1) (instOfNatNat (nat_lit 1)))
              (@OfNat.ofNat.{0} Nat (nat_lit 4) (instOfNatNat (nat_lit 4))))
            (@HDiv.hDiv.{0, 0, 0} Nat Nat Nat (@instHDiv.{0} Nat Nat.instDiv)
              (@OfNat.ofNat.{0} Nat (nat_lit 1) (instOfNatNat (nat_lit 1)))
              (@OfNat.ofNat.{0} Nat (nat_lit 5) (instOfNatNat (nat_lit 5)))))
          (@HDiv.hDiv.{0, 0, 0} Nat Nat Nat (@instHDiv.{0} Nat Nat.instDiv)
            (@OfNat.ofNat.{0} Nat (nat_lit 1) (instOfNatNat (nat_lit 1)))
            (@OfNat.ofNat.{0} Nat (nat_lit 6) (instOfNatNat (nat_lit 6)))))
        (@HDiv.hDiv.{0, 0, 0} Nat Nat Nat (@instHDiv.{0} Nat Nat.instDiv)
          (@OfNat.ofNat.{0} Nat (nat_lit 1) (instOfNatNat (nat_lit 1)))
          (@OfNat.ofNat.{0} Nat (nat_lit 7) (instOfNatNat (nat_lit 7)))))
      (@OfNat.ofNat.{0} Nat (nat_lit 1) (instOfNatNat (nat_lit 1))))
    (And
      (@LT.lt.{0} Nat instLTNat
        (@HAdd.hAdd.{0, 0, 0} Nat Nat Nat (@instHAdd.{0} Nat instAddNat)
          (@HAdd.hAdd.{0, 0, 0} Nat Nat Nat (@instHAdd.{0} Nat instAddNat)
            (@HAdd.hAdd.{0, 0, 0} Nat Nat Nat (@instHAdd.{0} Nat instAddNat)
              (@HDiv.hDiv.{0, 0, 0} Nat Nat Nat (@instHDiv.{0} Nat Nat.instDiv)
                (@OfNat.ofNat.{0} Nat (nat_lit 1) (instOfNatNat (nat_lit 1)))
                (@OfNat.ofNat.{0} Nat (nat_lit 5) (instOfNatNat (nat_lit 5))))
              (@HDiv.hDiv.{0, 0, 0} Nat Nat Nat (@instHDiv.{0} Nat Nat.instDiv)
                (@OfNat.ofNat.{0} Nat (nat_lit 1) (instOfNatNat (nat_lit 1)))
                (@OfNat.ofNat.{0} Nat (nat_lit 6) (instOfNatNat (nat_lit 6)))))
            (@HDiv.hDiv.{0, 0, 0} Nat Nat Nat (@instHDiv.{0} Nat Nat.instDiv)
              (@OfNat.ofNat.{0} Nat (nat_lit 1) (instOfNatNat (nat_lit 1)))
              (@OfNat.ofNat.{0} Nat (nat_lit 7) (instOfNatNat (nat_lit 7)))))
          (@HDiv.hDiv.{0, 0, 0} Nat Nat Nat (@instHDiv.{0} Nat Nat.instDiv)
            (@OfNat.ofNat.{0} Nat (nat_lit 1) (instOfNatNat (nat_lit 1)))
            (@OfNat.ofNat.{0} Nat (nat_lit 8) (instOfNatNat (nat_lit 8)))))
        (@OfNat.ofNat.{0} Nat (nat_lit 1) (instOfNatNat (nat_lit 1))))
      (And
        (@LT.lt.{0} Nat instLTNat
          (@HAdd.hAdd.{0, 0, 0} Nat Nat Nat (@instHAdd.{0} Nat instAddNat)
            (@HAdd.hAdd.{0, 0, 0} Nat Nat Nat (@instHAdd.{0} Nat instAddNat)
              (@HAdd.hAdd.{0, 0, 0} Nat Nat Nat (@instHAdd.{0} Nat instAddNat)
                (@HDiv.hDiv.{0, 0, 0} Nat Nat Nat (@instHDiv.{0} Nat Nat.instDiv)
                  (@OfNat.ofNat.{0} Nat (nat_lit 1) (instOfNatNat (nat_lit 1)))
                  (@OfNat.ofNat.{0} Nat (nat_lit 6) (instOfNatNat (nat_lit 6))))
                (@HDiv.hDiv.{0, 0, 0} Nat Nat Nat (@instHDiv.{0} Nat Nat.instDiv)
                  (@OfNat.ofNat.{0} Nat (nat_lit 1) (instOfNatNat (nat_lit 1)))
                  (@OfNat.ofNat.{0} Nat (nat_lit 7) (instOfNatNat (nat_lit 7)))))
              (@HDiv.hDiv.{0, 0, 0} Nat Nat Nat (@instHDiv.{0} Nat Nat.instDiv)
                (@OfNat.ofNat.{0} Nat (nat_lit 1) (instOfNatNat (nat_lit 1)))
                (@OfNat.ofNat.{0} Nat (nat_lit 8) (instOfNatNat (nat_lit 8)))))
            (@HDiv.hDiv.{0, 0, 0} Nat Nat Nat (@instHDiv.{0} Nat Nat.instDiv)
              (@OfNat.ofNat.{0} Nat (nat_lit 1) (instOfNatNat (nat_lit 1)))
              (@OfNat.ofNat.{0} Nat (nat_lit 9) (instOfNatNat (nat_lit 9)))))
          (@OfNat.ofNat.{0} Nat (nat_lit 1) (instOfNatNat (nat_lit 1))))
        (@LT.lt.{0} Nat instLTNat
          (@HAdd.hAdd.{0, 0, 0} Nat Nat Nat (@instHAdd.{0} Nat instAddNat)
            (@HAdd.hAdd.{0, 0, 0} Nat Nat Nat (@instHAdd.{0} Nat instAddNat)
              (@HAdd.hAdd.{0, 0, 0} Nat Nat Nat (@instHAdd.{0} Nat instAddNat)
                (@HDiv.hDiv.{0, 0, 0} Nat Nat Nat (@instHDiv.{0} Nat Nat.instDiv)
                  (@OfNat.ofNat.{0} Nat (nat_lit 1) (instOfNatNat (nat_lit 1)))
                  (@OfNat.ofNat.{0} Nat (nat_lit 7) (instOfNatNat (nat_lit 7))))
                (@HDiv.hDiv.{0, 0, 0} Nat Nat Nat (@instHDiv.{0} Nat Nat.instDiv)
                  (@OfNat.ofNat.{0} Nat (nat_lit 1) (instOfNatNat (nat_lit 1)))
                  (@OfNat.ofNat.{0} Nat (nat_lit 8) (instOfNatNat (nat_lit 8)))))
              (@HDiv.hDiv.{0, 0, 0} Nat Nat Nat (@instHDiv.{0} Nat Nat.instDiv)
                (@OfNat.ofNat.{0} Nat (nat_lit 1) (instOfNatNat (nat_lit 1)))
                (@OfNat.ofNat.{0} Nat (nat_lit 9) (instOfNatNat (nat_lit 9)))))
            (@HDiv.hDiv.{0, 0, 0} Nat Nat Nat (@instHDiv.{0} Nat Nat.instDiv)
              (@OfNat.ofNat.{0} Nat (nat_lit 1) (instOfNatNat (nat_lit 1)))
              (@OfNat.ofNat.{0} Nat (nat_lit 10) (instOfNatNat (nat_lit 10)))))
          (@OfNat.ofNat.{0} Nat (nat_lit 1) (instOfNatNat (nat_lit 1)))))))
  (@instDecidableAnd
    (@LT.lt.{0} Nat instLTNat
      (@HAdd.hAdd.{0, 0, 0} Nat Nat Nat (@instHAdd.{0} Nat instAddNat)
        (@HAdd.hAdd.{0, 0, 0} Nat Nat Nat (@instHAdd.{0} Nat instAddNat)
          (@HAdd.hAdd.{0, 0, 0} Nat Nat Nat (@instHAdd.{0} Nat instAddNat)
            (@HDiv.hDiv.{0, 0, 0} Nat Nat Nat (@instHDiv.{0} Nat Nat.instDiv)
              (@OfNat.ofNat.{0} Nat (nat_lit 1) (instOfNatNat (nat_lit 1)))
              (@OfNat.ofNat.{0} Nat (nat_lit 4) (instOfNatNat (nat_lit 4))))
            (@HDiv.hDiv.{0, 0, 0} Nat Nat Nat (@instHDiv.{0} Nat Nat.instDiv)
              (@OfNat.ofNat.{0} Nat (nat_lit 1) (instOfNatNat (nat_lit 1)))
              (@OfNat.ofNat.{0} Nat (nat_lit 5) (instOfNatNat (nat_lit 5)))))
          (@HDiv.hDiv.{0, 0, 0} Nat Nat Nat (@instHDiv.{0} Nat Nat.instDiv)
            (@OfNat.ofNat.{0} Nat (nat_lit 1) (instOfNatNat (nat_lit 1)))
            (@OfNat.ofNat.{0} Nat (nat_lit 6) (instOfNatNat (nat_lit 6)))))
        (@HDiv.hDiv.{0, 0, 0} Nat Nat Nat (@instHDiv.{0} Nat Nat.instDiv)
          (@OfNat.ofNat.{0} Nat (nat_lit 1) (instOfNatNat (nat_lit 1)))
          (@OfNat.ofNat.{0} Nat (nat_lit 7) (instOfNatNat (nat_lit 7)))))
      (@OfNat.ofNat.{0} Nat (nat_lit 1) (instOfNatNat (nat_lit 1))))
    (And
      (@LT.lt.{0} Nat instLTNat
        (@HAdd.hAdd.{0, 0, 0} Nat Nat Nat (@instHAdd.{0} Nat instAddNat)
          (@HAdd.hAdd.{0, 0, 0} Nat Nat Nat (@instHAdd.{0} Nat instAddNat)
            (@HAdd.hAdd.{0, 0, 0} Nat Nat Nat (@instHAdd.{0} Nat instAddNat)
              (@HDiv.hDiv.{0, 0, 0} Nat Nat Nat (@instHDiv.{0} Nat Nat.instDiv)
                (@OfNat.ofNat.{0} Nat (nat_lit 1) (instOfNatNat (nat_lit 1)))
                (@OfNat.ofNat.{0} Nat (nat_lit 5) (instOfNatNat (nat_lit 5))))
              (@HDiv.hDiv.{0, 0, 0} Nat Nat Nat (@instHDiv.{0} Nat Nat.instDiv)
                (@OfNat.ofNat.{0} Nat (nat_lit 1) (instOfNatNat (nat_lit 1)))
                (@OfNat.ofNat.{0} Nat (nat_lit 6) (instOfNatNat (nat_lit 6)))))
            (@HDiv.hDiv.{0, 0, 0} Nat Nat Nat (@instHDiv.{0} Nat Nat.instDiv)
              (@OfNat.ofNat.{0} Nat (nat_lit 1) (instOfNatNat (nat_lit 1)))
              (@OfNat.ofNat.{0} Nat (nat_lit 7) (instOfNatNat (nat_lit 7)))))
          (@HDiv.hDiv.{0, 0, 0} Nat Nat Nat (@instHDiv.{0} Nat Nat.instDiv)
            (@OfNat.ofNat.{0} Nat (nat_lit 1) (instOfNatNat (nat_lit 1)))
            (@OfNat.ofNat.{0} Nat (nat_lit 8) (instOfNatNat (nat_lit 8)))))
        (@OfNat.ofNat.{0} Nat (nat_lit 1) (instOfNatNat (nat_lit 1))))
      (And
        (@LT.lt.{0} Nat instLTNat
          (@HAdd.hAdd.{0, 0, 0} Nat Nat Nat (@instHAdd.{0} Nat instAddNat)
            (@HAdd.hAdd.{0, 0, 0} Nat Nat Nat (@instHAdd.{0} Nat instAddNat)
              (@HAdd.hAdd.{0, 0, 0} Nat Nat Nat (@instHAdd.{0} Nat instAddNat)
                (@HDiv.hDiv.{0, 0, 0} Nat Nat Nat (@instHDiv.{0} Nat Nat.instDiv)
                  (@OfNat.ofNat.{0} Nat (nat_lit 1) (instOfNatNat (nat_lit 1)))
                  (@OfNat.ofNat.{0} Nat (nat_lit 6) (instOfNatNat (nat_lit 6))))
                (@HDiv.hDiv.{0, 0, 0} Nat Nat Nat (@instHDiv.{0} Nat Nat.instDiv)
                  (@OfNat.ofNat.{0} Nat (nat_lit 1) (instOfNatNat (nat_lit 1)))
                  (@OfNat.ofNat.{0} Nat (nat_lit 7) (instOfNatNat (nat_lit 7)))))
              (@HDiv.hDiv.{0, 0, 0} Nat Nat Nat (@instHDiv.{0} Nat Nat.instDiv)
                (@OfNat.ofNat.{0} Nat (nat_lit 1) (instOfNatNat (nat_lit 1)))
                (@OfNat.ofNat.{0} Nat (nat_lit 8) (instOfNatNat (nat_lit 8)))))
            (@HDiv.hDiv.{0, 0, 0} Nat Nat Nat (@instHDiv.{0} Nat Nat.instDiv)
              (@OfNat.ofNat.{0} Nat (nat_lit 1) (instOfNatNat (nat_lit 1)))
              (@OfNat.ofNat.{0} Nat (nat_lit 9) (instOfNatNat (nat_lit 9)))))
          (@OfNat.ofNat.{0} Nat (nat_lit 1) (instOfNatNat (nat_lit 1))))
        (@LT.lt.{0} Nat instLTNat
          (@HAdd.hAdd.{0, 0, 0} Nat Nat Nat (@instHAdd.{0} Nat instAddNat)
            (@HAdd.hAdd.{0, 0, 0} Nat Nat Nat (@instHAdd.{0} Nat instAddNat)
              (@HAdd.hAdd.{0, 0, 0} Nat Nat Nat (@instHAdd.{0} Nat instAddNat)
                (@HDiv.hDiv.{0, 0, 0} Nat Nat Nat (@instHDiv.{0} Nat Nat.instDiv)
                  (@OfNat.ofNat.{0} Nat (nat_lit 1) (instOfNatNat (nat_lit 1)))
                  (@OfNat.ofNat.{0} Nat (nat_lit 7) (instOfNatNat (nat_lit 7))))
                (@HDiv.hDiv.{0, 0, 0} Nat Nat Nat (@instHDiv.{0} Nat Nat.instDiv)
                  (@OfNat.ofNat.{0} Nat (nat_lit 1) (instOfNatNat (nat_lit 1)))
                  (@OfNat.ofNat.{0} Nat (nat_lit 8) (instOfNatNat (nat_lit 8)))))
              (@HDiv.hDiv.{0, 0, 0} Nat Nat Nat (@instHDiv.{0} Nat Nat.instDiv)
                (@OfNat.ofNat.{0} Nat (nat_lit 1) (instOfNatNat (nat_lit 1)))
                (@OfNat.ofNat.{0} Nat (nat_lit 9) (instOfNatNat (nat_lit 9)))))
            (@HDiv.hDiv.{0, 0, 0} Nat Nat Nat (@instHDiv.{0} Nat Nat.instDiv)
              (@OfNat.ofNat.{0} Nat (nat_lit 1) (instOfNatNat (nat_lit 1)))
              (@OfNat.ofNat.{0} Nat (nat_lit 10) (instOfNatNat (nat_lit 10)))))
          (@OfNat.ofNat.{0} Nat (nat_lit 1) (instOfNatNat (nat_lit 1))))))
    (Nat.decLt
      (@HAdd.hAdd.{0, 0, 0} Nat Nat Nat (@instHAdd.{0} Nat instAddNat)
        (@HAdd.hAdd.{0, 0, 0} Nat Nat Nat (@instHAdd.{0} Nat instAddNat)
          (@HAdd.hAdd.{0, 0, 0} Nat Nat Nat (@instHAdd.{0} Nat instAddNat)
            (@HDiv.hDiv.{0, 0, 0} Nat Nat Nat (@instHDiv.{0} Nat Nat.instDiv)
              (@OfNat.ofNat.{0} Nat (nat_lit 1) (instOfNatNat (nat_lit 1)))
              (@OfNat.ofNat.{0} Nat (nat_lit 4) (instOfNatNat (nat_lit 4))))
            (@HDiv.hDiv.{0, 0, 0} Nat Nat Nat (@instHDiv.{0} Nat Nat.instDiv)
              (@OfNat.ofNat.{0} Nat (nat_lit 1) (instOfNatNat (nat_lit 1)))
              (@OfNat.ofNat.{0} Nat (nat_lit 5) (instOfNatNat (nat_lit 5)))))
          (@HDiv.hDiv.{0, 0, 0} Nat Nat Nat (@instHDiv.{0} Nat Nat.instDiv)
            (@OfNat.ofNat.{0} Nat (nat_lit 1) (instOfNatNat (nat_lit 1)))
            (@OfNat.ofNat.{0} Nat (nat_lit 6) (instOfNatNat (nat_lit 6)))))
        (@HDiv.hDiv.{0, 0, 0} Nat Nat Nat (@instHDiv.{0} Nat Nat.instDiv)
          (@OfNat.ofNat.{0} Nat (nat_lit 1) (instOfNatNat (nat_lit 1)))
          (@OfNat.ofNat.{0} Nat (nat_lit 7) (instOfNatNat (nat_lit 7)))))
      (@OfNat.ofNat.{0} Nat (nat_lit 1) (instOfNatNat (nat_lit 1))))
    (@instDecidableAnd
      (@LT.lt.{0} Nat instLTNat
        (@HAdd.hAdd.{0, 0, 0} Nat Nat Nat (@instHAdd.{0} Nat instAddNat)
          (@HAdd.hAdd.{0, 0, 0} Nat Nat Nat (@instHAdd.{0} Nat instAddNat)
            (@HAdd.hAdd.{0, 0, 0} Nat Nat Nat (@instHAdd.{0} Nat instAddNat)
              (@HDiv.hDiv.{0, 0, 0} Nat Nat Nat (@instHDiv.{0} Nat Nat.instDiv)
                (@OfNat.ofNat.{0} Nat (nat_lit 1) (instOfNatNat (nat_lit 1)))
                (@OfNat.ofNat.{0} Nat (nat_lit 5) (instOfNatNat (nat_lit 5))))
              (@HDiv.hDiv.{0, 0, 0} Nat Nat Nat (@instHDiv.{0} Nat Nat.instDiv)
                (@OfNat.ofNat.{0} Nat (nat_lit 1) (instOfNatNat (nat_lit 1)))
                (@OfNat.ofNat.{0} Nat (nat_lit 6) (instOfNatNat (nat_lit 6)))))
            (@HDiv.hDiv.{0, 0, 0} Nat Nat Nat (@instHDiv.{0} Nat Nat.instDiv)
              (@OfNat.ofNat.{0} Nat (nat_lit 1) (instOfNatNat (nat_lit 1)))
              (@OfNat.ofNat.{0} Nat (nat_lit 7) (instOfNatNat (nat_lit 7)))))
          (@HDiv.hDiv.{0, 0, 0} Nat Nat Nat (@instHDiv.{0} Nat Nat.instDiv)
            (@OfNat.ofNat.{0} Nat (nat_lit 1) (instOfNatNat (nat_lit 1)))
            (@OfNat.ofNat.{0} Nat (nat_lit 8) (instOfNatNat (nat_lit 8)))))
        (@OfNat.ofNat.{0} Nat (nat_lit 1) (instOfNatNat (nat_lit 1))))
      (And
        (@LT.lt.{0} Nat instLTNat
          (@HAdd.hAdd.{0, 0, 0} Nat Nat Nat (@instHAdd.{0} Nat instAddNat)
            (@HAdd.hAdd.{0, 0, 0} Nat Nat Nat (@instHAdd.{0} Nat instAddNat)
              (@HAdd.hAdd.{0, 0, 0} Nat Nat Nat (@instHAdd.{0} Nat instAddNat)
                (@HDiv.hDiv.{0, 0, 0} Nat Nat Nat (@instHDiv.{0} Nat Nat.instDiv)
                  (@OfNat.ofNat.{0} Nat (nat_lit 1) (instOfNatNat (nat_lit 1)))
                  (@OfNat.ofNat.{0} Nat (nat_lit 6) (instOfNatNat (nat_lit 6))))
                (@HDiv.hDiv.{0, 0, 0} Nat Nat Nat (@instHDiv.{0} Nat Nat.instDiv)
                  (@OfNat.ofNat.{0} Nat (nat_lit 1) (instOfNatNat (nat_lit 1)))
                  (@OfNat.ofNat.{0} Nat (nat_lit 7) (instOfNatNat (nat_lit 7)))))
              (@HDiv.hDiv.{0, 0, 0} Nat Nat Nat (@instHDiv.{0} Nat Nat.instDiv)
                (@OfNat.ofNat.{0} Nat (nat_lit 1) (instOfNatNat (nat_lit 1)))
                (@OfNat.ofNat.{0} Nat (nat_lit 8) (instOfNatNat (nat_lit 8)))))
            (@HDiv.hDiv.{0, 0, 0} Nat Nat Nat (@instHDiv.{0} Nat Nat.instDiv)
              (@OfNat.ofNat.{0} Nat (nat_lit 1) (instOfNatNat (nat_lit 1)))
              (@OfNat.ofNat.{0} Nat (nat_lit 9) (instOfNatNat (nat_lit 9)))))
          (@OfNat.ofNat.{0} Nat (nat_lit 1) (instOfNatNat (nat_lit 1))))
        (@LT.lt.{0} Nat instLTNat
          (@HAdd.hAdd.{0, 0, 0} Nat Nat Nat (@instHAdd.{0} Nat instAddNat)
            (@HAdd.hAdd.{0, 0, 0} Nat Nat Nat (@instHAdd.{0} Nat instAddNat)
              (@HAdd.hAdd.{0, 0, 0} Nat Nat Nat (@instHAdd.{0} Nat instAddNat)
                (@HDiv.hDiv.{0, 0, 0} Nat Nat Nat (@instHDiv.{0} Nat Nat.instDiv)
                  (@OfNat.ofNat.{0} Nat (nat_lit 1) (instOfNatNat (nat_lit 1)))
                  (@OfNat.ofNat.{0} Nat (nat_lit 7) (instOfNatNat (nat_lit 7))))
                (@HDiv.hDiv.{0, 0, 0} Nat Nat Nat (@instHDiv.{0} Nat Nat.instDiv)
                  (@OfNat.ofNat.{0} Nat (nat_lit 1) (instOfNatNat (nat_lit 1)))
                  (@OfNat.ofNat.{0} Nat (nat_lit 8) (instOfNatNat (nat_lit 8)))))
              (@HDiv.hDiv.{0, 0, 0} Nat Nat Nat (@instHDiv.{0} Nat Nat.instDiv)
                (@OfNat.ofNat.{0} Nat (nat_lit 1) (instOfNatNat (nat_lit 1)))
                (@OfNat.ofNat.{0} Nat (nat_lit 9) (instOfNatNat (nat_lit 9)))))
            (@HDiv.hDiv.{0, 0, 0} Nat Nat Nat (@instHDiv.{0} Nat Nat.instDiv)
              (@OfNat.ofNat.{0} Nat (nat_lit 1) (instOfNatNat (nat_lit 1)))
              (@OfNat.ofNat.{0} Nat (nat_lit 10) (instOfNatNat (nat_lit 10)))))
          (@OfNat.ofNat.{0} Nat (nat_lit 1) (instOfNatNat (nat_lit 1)))))
      (Nat.decLt
        (@HAdd.hAdd.{0, 0, 0} Nat Nat Nat (@instHAdd.{0} Nat instAddNat)
          (@HAdd.hAdd.{0, 0, 0} Nat Nat Nat (@instHAdd.{0} Nat instAddNat)
            (@HAdd.hAdd.{0, 0, 0} Nat Nat Nat (@instHAdd.{0} Nat instAddNat)
              (@HDiv.hDiv.{0, 0, 0} Nat Nat Nat (@instHDiv.{0} Nat Nat.instDiv)
                (@OfNat.ofNat.{0} Nat (nat_lit 1) (instOfNatNat (nat_lit 1)))
                (@OfNat.ofNat.{0} Nat (nat_lit 5) (instOfNatNat (nat_lit 5))))
              (@HDiv.hDiv.{0, 0, 0} Nat Nat Nat (@instHDiv.{0} Nat Nat.instDiv)
                (@OfNat.ofNat.{0} Nat (nat_lit 1) (instOfNatNat (nat_lit 1)))
                (@OfNat.ofNat.{0} Nat (nat_lit 6) (instOfNatNat (nat_lit 6)))))
            (@HDiv.hDiv.{0, 0, 0} Nat Nat Nat (@instHDiv.{0} Nat Nat.instDiv)
              (@OfNat.ofNat.{0} Nat (nat_lit 1) (instOfNatNat (nat_lit 1)))
              (@OfNat.ofNat.{0} Nat (nat_lit 7) (instOfNatNat (nat_lit 7)))))
          (@HDiv.hDiv.{0, 0, 0} Nat Nat Nat (@instHDiv.{0} Nat Nat.instDiv)
            (@OfNat.ofNat.{0} Nat (nat_lit 1) (instOfNatNat (nat_lit 1)))
            (@OfNat.ofNat.{0} Nat (nat_lit 8) (instOfNatNat (nat_lit 8)))))
        (@OfNat.ofNat.{0} Nat (nat_lit 1) (instOfNatNat (nat_lit 1))))
      (@instDecidableAnd
        (@LT.lt.{0} Nat instLTNat
          (@HAdd.hAdd.{0, 0, 0} Nat Nat Nat (@instHAdd.{0} Nat instAddNat)
            (@HAdd.hAdd.{0, 0, 0} Nat Nat Nat (@instHAdd.{0} Nat instAddNat)
              (@HAdd.hAdd.{0, 0, 0} Nat Nat Nat (@instHAdd.{0} Nat instAddNat)
                (@HDiv.hDiv.{0, 0, 0} Nat Nat Nat (@instHDiv.{0} Nat Nat.instDiv)
                  (@OfNat.ofNat.{0} Nat (nat_lit 1) (instOfNatNat (nat_lit 1)))
                  (@OfNat.ofNat.{0} Nat (nat_lit 6) (instOfNatNat (nat_lit 6))))
                (@HDiv.hDiv.{0, 0, 0} Nat Nat Nat (@instHDiv.{0} Nat Nat.instDiv)
                  (@OfNat.ofNat.{0} Nat (nat_lit 1) (instOfNatNat (nat_lit 1)))
                  (@OfNat.ofNat.{0} Nat (nat_lit 7) (instOfNatNat (nat_lit 7)))))
              (@HDiv.hDiv.{0, 0, 0} Nat Nat Nat (@instHDiv.{0} Nat Nat.instDiv)
                (@OfNat.ofNat.{0} Nat (nat_lit 1) (instOfNatNat (nat_lit 1)))
                (@OfNat.ofNat.{0} Nat (nat_lit 8) (instOfNatNat (nat_lit 8)))))
            (@HDiv.hDiv.{0, 0, 0} Nat Nat Nat (@instHDiv.{0} Nat Nat.instDiv)
              (@OfNat.ofNat.{0} Nat (nat_lit 1) (instOfNatNat (nat_lit 1)))
              (@OfNat.ofNat.{0} Nat (nat_lit 9) (instOfNatNat (nat_lit 9)))))
          (@OfNat.ofNat.{0} Nat (nat_lit 1) (instOfNatNat (nat_lit 1))))
        (@LT.lt.{0} Nat instLTNat
          (@HAdd.hAdd.{0, 0, 0} Nat Nat Nat (@instHAdd.{0} Nat instAddNat)
            (@HAdd.hAdd.{0, 0, 0} Nat Nat Nat (@instHAdd.{0} Nat instAddNat)
              (@HAdd.hAdd.{0, 0, 0} Nat Nat Nat (@instHAdd.{0} Nat instAddNat)
                (@HDiv.hDiv.{0, 0, 0} Nat Nat Nat (@instHDiv.{0} Nat Nat.instDiv)
                  (@OfNat.ofNat.{0} Nat (nat_lit 1) (instOfNatNat (nat_lit 1)))
                  (@OfNat.ofNat.{0} Nat (nat_lit 7) (instOfNatNat (nat_lit 7))))
                (@HDiv.hDiv.{0, 0, 0} Nat Nat Nat (@instHDiv.{0} Nat Nat.instDiv)
                  (@OfNat.ofNat.{0} Nat (nat_lit 1) (instOfNatNat (nat_lit 1)))
                  (@OfNat.ofNat.{0} Nat (nat_lit 8) (instOfNatNat (nat_lit 8)))))
              (@HDiv.hDiv.{0, 0, 0} Nat Nat Nat (@instHDiv.{0} Nat Nat.instDiv)
                (@OfNat.ofNat.{0} Nat (nat_lit 1) (instOfNatNat (nat_lit 1)))
                (@OfNat.ofNat.{0} Nat (nat_lit 9) (instOfNatNat (nat_lit 9)))))
            (@HDiv.hDiv.{0, 0, 0} Nat Nat Nat (@instHDiv.{0} Nat Nat.instDiv)
              (@OfNat.ofNat.{0} Nat (nat_lit 1) (instOfNatNat (nat_lit 1)))
              (@OfNat.ofNat.{0} Nat (nat_lit 10) (instOfNatNat (nat_lit 10)))))
          (@OfNat.ofNat.{0} Nat (nat_lit 1) (instOfNatNat (nat_lit 1))))
        (Nat.decLt
          (@HAdd.hAdd.{0, 0, 0} Nat Nat Nat (@instHAdd.{0} Nat instAddNat)
            (@HAdd.hAdd.{0, 0, 0} Nat Nat Nat (@instHAdd.{0} Nat instAddNat)
              (@HAdd.hAdd.{0, 0, 0} Nat Nat Nat (@instHAdd.{0} Nat instAddNat)
                (@HDiv.hDiv.{0, 0, 0} Nat Nat Nat (@instHDiv.{0} Nat Nat.instDiv)
                  (@OfNat.ofNat.{0} Nat (nat_lit 1) (instOfNatNat (nat_lit 1)))
                  (@OfNat.ofNat.{0} Nat (nat_lit 6) (instOfNatNat (nat_lit 6))))
                (@HDiv.hDiv.{0, 0, 0} Nat Nat Nat (@instHDiv.{0} Nat Nat.instDiv)
                  (@OfNat.ofNat.{0} Nat (nat_lit 1) (instOfNatNat (nat_lit 1)))
                  (@OfNat.ofNat.{0} Nat (nat_lit 7) (instOfNatNat (nat_lit 7)))))
              (@HDiv.hDiv.{0, 0, 0} Nat Nat Nat (@instHDiv.{0} Nat Nat.instDiv)
                (@OfNat.ofNat.{0} Nat (nat_lit 1) (instOfNatNat (nat_lit 1)))
                (@OfNat.ofNat.{0} Nat (nat_lit 8) (instOfNatNat (nat_lit 8)))))
            (@HDiv.hDiv.{0, 0, 0} Nat Nat Nat (@instHDiv.{0} Nat Nat.instDiv)
              (@OfNat.ofNat.{0} Nat (nat_lit 1) (instOfNatNat (nat_lit 1)))
              (@OfNat.ofNat.{0} Nat (nat_lit 9) (instOfNatNat (nat_lit 9)))))
          (@OfNat.ofNat.{0} Nat (nat_lit 1) (instOfNatNat (nat_lit 1))))
        (Nat.decLt
          (@HAdd.hAdd.{0, 0, 0} Nat Nat Nat (@instHAdd.{0} Nat instAddNat)
            (@HAdd.hAdd.{0, 0, 0} Nat Nat Nat (@instHAdd.{0} Nat instAddNat)
              (@HAdd.hAdd.{0, 0, 0} Nat Nat Nat (@instHAdd.{0} Nat instAddNat)
                (@HDiv.hDiv.{0, 0, 0} Nat Nat Nat (@instHDiv.{0} Nat Nat.instDiv)
                  (@OfNat.ofNat.{0} Nat (nat_lit 1) (instOfNatNat (nat_lit 1)))
                  (@OfNat.ofNat.{0} Nat (nat_lit 7) (instOfNatNat (nat_lit 7))))
                (@HDiv.hDiv.{0, 0, 0} Nat Nat Nat (@instHDiv.{0} Nat Nat.instDiv)
                  (@OfNat.ofNat.{0} Nat (nat_lit 1) (instOfNatNat (nat_lit 1)))
                  (@OfNat.ofNat.{0} Nat (nat_lit 8) (instOfNatNat (nat_lit 8)))))
              (@HDiv.hDiv.{0, 0, 0} Nat Nat Nat (@instHDiv.{0} Nat Nat.instDiv)
                (@OfNat.ofNat.{0} Nat (nat_lit 1) (instOfNatNat (nat_lit 1)))
                (@OfNat.ofNat.{0} Nat (nat_lit 9) (instOfNatNat (nat_lit 9)))))
            (@HDiv.hDiv.{0, 0, 0} Nat Nat Nat (@instHDiv.{0} Nat Nat.instDiv)
              (@OfNat.ofNat.{0} Nat (nat_lit 1) (instOfNatNat (nat_lit 1)))
              (@OfNat.ofNat.{0} Nat (nat_lit 10) (instOfNatNat (nat_lit 10)))))
          (@OfNat.ofNat.{0} Nat (nat_lit 1) (instOfNatNat (nat_lit 1)))))))
  JSP000243.totals_below_one._native.native_decide.ax_1_1
'JSP000243.totals_below_one' depends on axioms: [JSP000243.totals_below_one._native.native_decide.ax_1_1]
