{"synthetic": false,
 "schemaVersion": "2025-09-10",
 "outputs":
 {"o": ["5a982f2564b2bd34.olean"],
  "m": false,
  "i": "a16e4d25833d8f02.ilean",
  "c": "094f229116eae2ba.c"},
 "log":
 [{"message":
   ".> LEAN_PATH=/Users/doge/.zcode/workspace/default/justin-sun-prize/proofs/batch2/.lake/packages/Cli/.lake/build/lib/lean:/Users/doge/.zcode/workspace/default/justin-sun-prize/proofs/batch2/.lake/packages/batteries/.lake/build/lib/lean:/Users/doge/.zcode/workspace/default/justin-sun-prize/proofs/batch2/.lake/packages/Qq/.lake/build/lib/lean:/Users/doge/.zcode/workspace/default/justin-sun-prize/proofs/batch2/.lake/packages/aesop/.lake/build/lib/lean:/Users/doge/.zcode/workspace/default/justin-sun-prize/proofs/batch2/.lake/packages/proofwidgets/.lake/build/lib/lean:/Users/doge/.zcode/workspace/default/justin-sun-prize/proofs/batch2/.lake/packages/importGraph/.lake/build/lib/lean:/Users/doge/.zcode/workspace/default/justin-sun-prize/proofs/batch2/.lake/packages/LeanSearchClient/.lake/build/lib/lean:/Users/doge/.zcode/workspace/default/justin-sun-prize/proofs/batch2/.lake/packages/plausible/.lake/build/lib/lean:/Users/doge/.zcode/workspace/default/justin-sun-prize/proofs/batch2/.lake/packages/mathlib/.lake/build/lib/lean:/Users/doge/.zcode/workspace/doge-th-jsp-lean-proofs/.lake/build/lib/lean /Users/doge/.elan/toolchains/leanprover--lean4---v4.35.0-rc1/bin/lean /Users/doge/.zcode/workspace/doge-th-jsp-lean-proofs/proofs/JSP000714.lean -o /Users/doge/.zcode/workspace/doge-th-jsp-lean-proofs/.lake/build/lib/lean/JSP000714.olean -i /Users/doge/.zcode/workspace/doge-th-jsp-lean-proofs/.lake/build/lib/lean/JSP000714.ilean -c /Users/doge/.zcode/workspace/doge-th-jsp-lean-proofs/.lake/build/ir/JSP000714.c --setup /Users/doge/.zcode/workspace/doge-th-jsp-lean-proofs/.lake/build/ir/JSP000714.setup.json --json",
   "level": "trace"}],
 "inputs":
 [["deps",
   [["«jsp-lean-proofs»/JSP000714:extraDep",
     [["@«jsp-lean-proofs»:extraDep", "00000000000006bb"]]],
    ["imports",
     [["Mathlib.Data.List.Basic transitive imports (legacy)",
       "65e28dfd4c41bce9"],
      ["Mathlib.Data.List.Basic:importAllArts", "1a033917790e51fe"]]]]],
  ["libs",
   [["import dynlibs", "00000000000006bb"],
    ["package external libraries", "00000000000006bb"],
    ["module dynlibs", "00000000000006bb"],
    ["module plugins", "00000000000006bb"]]],
  ["Lean 4.35.0, commit 86c6347c75e39ec18c40e25ed2143b71a6e04a0a",
   "db1e6e30f1c8685b"],
  ["/Users/doge/.zcode/workspace/doge-th-jsp-lean-proofs/proofs/JSP000714.lean",
   "ed70133cccf6881f"],
  ["options", "00000000000006bb"],
  ["isModule: false", "feefd2a0d3a1847e"],
  ["Module.name: JSP000714", "ed6a1acb8beb6a4f"],
  ["Package.id?: (some jsp-lean-proofs)", "b2d87edd6e52289c"],
  ["Module.leanArgs: #[]", "00000000000006bb"]],
 "depHash": "1a53e90759f7adaf"}