{"synthetic": false,
 "schemaVersion": "2025-09-10",
 "outputs":
 {"o": ["3013b2cbf7926ca4.olean"],
  "m": false,
  "i": "6417cf1162f7d7b3.ilean",
  "c": "699cdca648e6bbd3.c"},
 "log":
 [{"message":
   ".> LEAN_PATH=/Users/doge/.zcode/workspace/default/justin-sun-prize/proofs/batch2/.lake/packages/Cli/.lake/build/lib/lean:/Users/doge/.zcode/workspace/default/justin-sun-prize/proofs/batch2/.lake/packages/batteries/.lake/build/lib/lean:/Users/doge/.zcode/workspace/default/justin-sun-prize/proofs/batch2/.lake/packages/Qq/.lake/build/lib/lean:/Users/doge/.zcode/workspace/default/justin-sun-prize/proofs/batch2/.lake/packages/aesop/.lake/build/lib/lean:/Users/doge/.zcode/workspace/default/justin-sun-prize/proofs/batch2/.lake/packages/proofwidgets/.lake/build/lib/lean:/Users/doge/.zcode/workspace/default/justin-sun-prize/proofs/batch2/.lake/packages/importGraph/.lake/build/lib/lean:/Users/doge/.zcode/workspace/default/justin-sun-prize/proofs/batch2/.lake/packages/LeanSearchClient/.lake/build/lib/lean:/Users/doge/.zcode/workspace/default/justin-sun-prize/proofs/batch2/.lake/packages/plausible/.lake/build/lib/lean:/Users/doge/.zcode/workspace/default/justin-sun-prize/proofs/batch2/.lake/packages/mathlib/.lake/build/lib/lean:/Users/doge/.zcode/workspace/doge-th-jsp-lean-proofs/.lake/build/lib/lean /Users/doge/.elan/toolchains/leanprover--lean4---v4.35.0-rc1/bin/lean /Users/doge/.zcode/workspace/doge-th-jsp-lean-proofs/proofs/JSP000307.lean -o /Users/doge/.zcode/workspace/doge-th-jsp-lean-proofs/.lake/build/lib/lean/JSP000307.olean -i /Users/doge/.zcode/workspace/doge-th-jsp-lean-proofs/.lake/build/lib/lean/JSP000307.ilean -c /Users/doge/.zcode/workspace/doge-th-jsp-lean-proofs/.lake/build/ir/JSP000307.c --setup /Users/doge/.zcode/workspace/doge-th-jsp-lean-proofs/.lake/build/ir/JSP000307.setup.json --json",
   "level": "trace"}],
 "inputs":
 [["deps",
   [["«jsp-lean-proofs»/JSP000307:extraDep",
     [["@«jsp-lean-proofs»:extraDep", "00000000000006bb"]]],
    ["imports",
     [["Mathlib.Data.Nat.MaxPrimeFac transitive imports (legacy)",
       "783080863949654c"],
      ["Mathlib.Data.Nat.MaxPrimeFac:importAllArts", "e8e6ed30f9530126"]]]]],
  ["libs",
   [["import dynlibs", "00000000000006bb"],
    ["package external libraries", "00000000000006bb"],
    ["module dynlibs", "00000000000006bb"],
    ["module plugins", "00000000000006bb"]]],
  ["Lean 4.35.0, commit 86c6347c75e39ec18c40e25ed2143b71a6e04a0a",
   "db1e6e30f1c8685b"],
  ["/Users/doge/.zcode/workspace/doge-th-jsp-lean-proofs/proofs/JSP000307.lean",
   "b533dec2a56f1582"],
  ["options", "00000000000006bb"],
  ["isModule: false", "feefd2a0d3a1847e"],
  ["Module.name: JSP000307", "4efe2e8732b600f3"],
  ["Package.id?: (some jsp-lean-proofs)", "b2d87edd6e52289c"],
  ["Module.leanArgs: #[]", "00000000000006bb"]],
 "depHash": "4c9b5c5a16d66352"}