{"synthetic": false,
 "schemaVersion": "2025-09-10",
 "outputs":
 {"o": ["8df81c437089b7a1.olean"],
  "m": false,
  "i": "41f0c684c7c3c713.ilean",
  "c": "95bf6062847dacd1.c"},
 "log":
 [{"message":
   ".> LEAN_PATH=/Users/doge/.zcode/workspace/default/justin-sun-prize/proofs/batch2/.lake/packages/Cli/.lake/build/lib/lean:/Users/doge/.zcode/workspace/default/justin-sun-prize/proofs/batch2/.lake/packages/batteries/.lake/build/lib/lean:/Users/doge/.zcode/workspace/default/justin-sun-prize/proofs/batch2/.lake/packages/Qq/.lake/build/lib/lean:/Users/doge/.zcode/workspace/default/justin-sun-prize/proofs/batch2/.lake/packages/aesop/.lake/build/lib/lean:/Users/doge/.zcode/workspace/default/justin-sun-prize/proofs/batch2/.lake/packages/proofwidgets/.lake/build/lib/lean:/Users/doge/.zcode/workspace/default/justin-sun-prize/proofs/batch2/.lake/packages/importGraph/.lake/build/lib/lean:/Users/doge/.zcode/workspace/default/justin-sun-prize/proofs/batch2/.lake/packages/LeanSearchClient/.lake/build/lib/lean:/Users/doge/.zcode/workspace/default/justin-sun-prize/proofs/batch2/.lake/packages/plausible/.lake/build/lib/lean:/Users/doge/.zcode/workspace/default/justin-sun-prize/proofs/batch2/.lake/packages/mathlib/.lake/build/lib/lean:/Users/doge/.zcode/workspace/doge-th-jsp-lean-proofs/.lake/build/lib/lean /Users/doge/.elan/toolchains/leanprover--lean4---v4.35.0-rc1/bin/lean /Users/doge/.zcode/workspace/doge-th-jsp-lean-proofs/proofs/JSP000589.lean -o /Users/doge/.zcode/workspace/doge-th-jsp-lean-proofs/.lake/build/lib/lean/JSP000589.olean -i /Users/doge/.zcode/workspace/doge-th-jsp-lean-proofs/.lake/build/lib/lean/JSP000589.ilean -c /Users/doge/.zcode/workspace/doge-th-jsp-lean-proofs/.lake/build/ir/JSP000589.c --setup /Users/doge/.zcode/workspace/doge-th-jsp-lean-proofs/.lake/build/ir/JSP000589.setup.json --json",
   "level": "trace"}],
 "inputs":
 [["deps",
   [["«jsp-lean-proofs»/JSP000589:extraDep",
     [["@«jsp-lean-proofs»:extraDep", "00000000000006bb"]]],
    ["imports",
     [["Mathlib.Tactic.IntervalCases transitive imports (legacy)",
       "089d05ce72ba170e"],
      ["Mathlib.Tactic.IntervalCases:importAllArts", "12f83b68cfd5c10f"],
      ["Mathlib.Data.List.Basic transitive imports (legacy)",
       "65e28dfd4c41bce9"],
      ["Mathlib.Data.List.Basic:importAllArts", "1a033917790e51fe"]]]]],
  ["libs",
   [["import dynlibs", "00000000000006bb"],
    ["package external libraries", "00000000000006bb"],
    ["module dynlibs", "00000000000006bb"],
    ["module plugins", "00000000000006bb"]]],
  ["Lean 4.35.0, commit 86c6347c75e39ec18c40e25ed2143b71a6e04a0a",
   "db1e6e30f1c8685b"],
  ["/Users/doge/.zcode/workspace/doge-th-jsp-lean-proofs/proofs/JSP000589.lean",
   "87e3addf20d09922"],
  ["options", "00000000000006bb"],
  ["isModule: false", "feefd2a0d3a1847e"],
  ["Module.name: JSP000589", "dc4e53a2c300fd33"],
  ["Package.id?: (some jsp-lean-proofs)", "b2d87edd6e52289c"],
  ["Module.leanArgs: #[]", "00000000000006bb"]],
 "depHash": "38a7518dcdbe842f"}