{"synthetic": false,
 "schemaVersion": "2025-09-10",
 "outputs":
 {"o": ["1f3f4af031a52ad0.olean"],
  "m": false,
  "i": "49e3dda3649adbd6.ilean",
  "c": "23e11fd00d9a3416.c"},
 "log":
 [{"message":
   ".> LEAN_PATH=/Users/doge/.zcode/workspace/default/justin-sun-prize/proofs/batch2/.lake/packages/Cli/.lake/build/lib/lean:/Users/doge/.zcode/workspace/default/justin-sun-prize/proofs/batch2/.lake/packages/batteries/.lake/build/lib/lean:/Users/doge/.zcode/workspace/default/justin-sun-prize/proofs/batch2/.lake/packages/Qq/.lake/build/lib/lean:/Users/doge/.zcode/workspace/default/justin-sun-prize/proofs/batch2/.lake/packages/aesop/.lake/build/lib/lean:/Users/doge/.zcode/workspace/default/justin-sun-prize/proofs/batch2/.lake/packages/proofwidgets/.lake/build/lib/lean:/Users/doge/.zcode/workspace/default/justin-sun-prize/proofs/batch2/.lake/packages/importGraph/.lake/build/lib/lean:/Users/doge/.zcode/workspace/default/justin-sun-prize/proofs/batch2/.lake/packages/LeanSearchClient/.lake/build/lib/lean:/Users/doge/.zcode/workspace/default/justin-sun-prize/proofs/batch2/.lake/packages/plausible/.lake/build/lib/lean:/Users/doge/.zcode/workspace/default/justin-sun-prize/proofs/batch2/.lake/packages/mathlib/.lake/build/lib/lean:/Users/doge/.zcode/workspace/doge-th-jsp-lean-proofs/.lake/build/lib/lean /Users/doge/.elan/toolchains/leanprover--lean4---v4.35.0-rc1/bin/lean /Users/doge/.zcode/workspace/doge-th-jsp-lean-proofs/proofs/JSP000616.lean -o /Users/doge/.zcode/workspace/doge-th-jsp-lean-proofs/.lake/build/lib/lean/JSP000616.olean -i /Users/doge/.zcode/workspace/doge-th-jsp-lean-proofs/.lake/build/lib/lean/JSP000616.ilean -c /Users/doge/.zcode/workspace/doge-th-jsp-lean-proofs/.lake/build/ir/JSP000616.c --setup /Users/doge/.zcode/workspace/doge-th-jsp-lean-proofs/.lake/build/ir/JSP000616.setup.json --json",
   "level": "trace"}],
 "inputs":
 [["deps",
   [["«jsp-lean-proofs»/JSP000616:extraDep",
     [["@«jsp-lean-proofs»:extraDep", "00000000000006bb"]]],
    ["imports",
     [["Mathlib.Data.List.Basic transitive imports (legacy)",
       "65e28dfd4c41bce9"],
      ["Mathlib.Data.List.Basic:importAllArts", "1a033917790e51fe"]]]]],
  ["libs",
   [["import dynlibs", "00000000000006bb"],
    ["package external libraries", "00000000000006bb"],
    ["module dynlibs", "00000000000006bb"],
    ["module plugins", "00000000000006bb"]]],
  ["Lean 4.35.0, commit 86c6347c75e39ec18c40e25ed2143b71a6e04a0a",
   "db1e6e30f1c8685b"],
  ["/Users/doge/.zcode/workspace/doge-th-jsp-lean-proofs/proofs/JSP000616.lean",
   "17b7e7ea60da3447"],
  ["options", "00000000000006bb"],
  ["isModule: false", "feefd2a0d3a1847e"],
  ["Module.name: JSP000616", "947190750967fdbb"],
  ["Package.id?: (some jsp-lean-proofs)", "b2d87edd6e52289c"],
  ["Module.leanArgs: #[]", "00000000000006bb"]],
 "depHash": "4eced9cdf388571b"}